Archive member included to satisfy reference by file (symbol)

/usr/bin/../lib/gcc/arm-none-eabi/7.3.1/../../../../arm-none-eabi/lib/thumb/v7e-m/fpv4-sp/hard/libc.a(lib_a-abs.o)
                              _build/kobukiActuator.o (abs)
/usr/bin/../lib/gcc/arm-none-eabi/7.3.1/../../../../arm-none-eabi/lib/thumb/v7e-m/fpv4-sp/hard/libc.a(lib_a-exit.o)
                              /usr/bin/../lib/gcc/arm-none-eabi/7.3.1/../../../../arm-none-eabi/lib/thumb/v7e-m/fpv4-sp/hard/crt0.o (exit)
/usr/bin/../lib/gcc/arm-none-eabi/7.3.1/../../../../arm-none-eabi/lib/thumb/v7e-m/fpv4-sp/hard/libc.a(lib_a-impure.o)
                              /usr/bin/../lib/gcc/arm-none-eabi/7.3.1/../../../../arm-none-eabi/lib/thumb/v7e-m/fpv4-sp/hard/libc.a(lib_a-exit.o) (_global_impure_ptr)
/usr/bin/../lib/gcc/arm-none-eabi/7.3.1/../../../../arm-none-eabi/lib/thumb/v7e-m/fpv4-sp/hard/libc.a(lib_a-init.o)
                              /usr/bin/../lib/gcc/arm-none-eabi/7.3.1/../../../../arm-none-eabi/lib/thumb/v7e-m/fpv4-sp/hard/crt0.o (__libc_init_array)
/usr/bin/../lib/gcc/arm-none-eabi/7.3.1/../../../../arm-none-eabi/lib/thumb/v7e-m/fpv4-sp/hard/libc.a(lib_a-locale.o)
                              _build/nrf_log_str_formatter.o (__locale_ctype_ptr)
/usr/bin/../lib/gcc/arm-none-eabi/7.3.1/../../../../arm-none-eabi/lib/thumb/v7e-m/fpv4-sp/hard/libc.a(lib_a-mbtowc_r.o)
                              /usr/bin/../lib/gcc/arm-none-eabi/7.3.1/../../../../arm-none-eabi/lib/thumb/v7e-m/fpv4-sp/hard/libc.a(lib_a-locale.o) (__ascii_mbtowc)
/usr/bin/../lib/gcc/arm-none-eabi/7.3.1/../../../../arm-none-eabi/lib/thumb/v7e-m/fpv4-sp/hard/libc.a(lib_a-memcmp.o)
                              _build/nrf_twi_mngr.o (memcmp)
/usr/bin/../lib/gcc/arm-none-eabi/7.3.1/../../../../arm-none-eabi/lib/thumb/v7e-m/fpv4-sp/hard/libc.a(lib_a-memcpy.o)
                              _build/queue.o (memcpy)
/usr/bin/../lib/gcc/arm-none-eabi/7.3.1/../../../../arm-none-eabi/lib/thumb/v7e-m/fpv4-sp/hard/libc.a(lib_a-memset.o)
                              /usr/bin/../lib/gcc/arm-none-eabi/7.3.1/../../../../arm-none-eabi/lib/thumb/v7e-m/fpv4-sp/hard/crt0.o (memset)
/usr/bin/../lib/gcc/arm-none-eabi/7.3.1/../../../../arm-none-eabi/lib/thumb/v7e-m/fpv4-sp/hard/libc.a(lib_a-printf.o)
                              _build/support.o (printf)
/usr/bin/../lib/gcc/arm-none-eabi/7.3.1/../../../../arm-none-eabi/lib/thumb/v7e-m/fpv4-sp/hard/libc.a(lib_a-setbuf.o)
                              _build/before_startup.o (setbuf)
/usr/bin/../lib/gcc/arm-none-eabi/7.3.1/../../../../arm-none-eabi/lib/thumb/v7e-m/fpv4-sp/hard/libc.a(lib_a-setvbuf.o)
                              /usr/bin/../lib/gcc/arm-none-eabi/7.3.1/../../../../arm-none-eabi/lib/thumb/v7e-m/fpv4-sp/hard/libc.a(lib_a-setbuf.o) (setvbuf)
/usr/bin/../lib/gcc/arm-none-eabi/7.3.1/../../../../arm-none-eabi/lib/thumb/v7e-m/fpv4-sp/hard/libc.a(lib_a-snprintf.o)
                              _build/main.o (snprintf)
/usr/bin/../lib/gcc/arm-none-eabi/7.3.1/../../../../arm-none-eabi/lib/thumb/v7e-m/fpv4-sp/hard/libc.a(lib_a-strcmp.o)
                              /usr/bin/../lib/gcc/arm-none-eabi/7.3.1/../../../../arm-none-eabi/lib/thumb/v7e-m/fpv4-sp/hard/libc.a(lib_a-locale.o) (strcmp)
/usr/bin/../lib/gcc/arm-none-eabi/7.3.1/../../../../arm-none-eabi/lib/thumb/v7e-m/fpv4-sp/hard/libc.a(lib_a-strcpy.o)
                              _build/SEGGER_RTT.o (strcpy)
/usr/bin/../lib/gcc/arm-none-eabi/7.3.1/../../../../arm-none-eabi/lib/thumb/v7e-m/fpv4-sp/hard/libc.a(lib_a-strlen.o)
                              _build/display.o (strlen)
/usr/bin/../lib/gcc/arm-none-eabi/7.3.1/../../../../arm-none-eabi/lib/thumb/v7e-m/fpv4-sp/hard/libc.a(lib_a-svfprintf.o)
                              /usr/bin/../lib/gcc/arm-none-eabi/7.3.1/../../../../arm-none-eabi/lib/thumb/v7e-m/fpv4-sp/hard/libc.a(lib_a-snprintf.o) (_svfprintf_r)
/usr/bin/../lib/gcc/arm-none-eabi/7.3.1/../../../../arm-none-eabi/lib/thumb/v7e-m/fpv4-sp/hard/libc.a(lib_a-vfprintf.o)
                              /usr/bin/../lib/gcc/arm-none-eabi/7.3.1/../../../../arm-none-eabi/lib/thumb/v7e-m/fpv4-sp/hard/libc.a(lib_a-printf.o) (_vfprintf_r)
/usr/bin/../lib/gcc/arm-none-eabi/7.3.1/../../../../arm-none-eabi/lib/thumb/v7e-m/fpv4-sp/hard/libc.a(lib_a-vsnprintf.o)
                              _build/simple_logger.o (vsnprintf)
/usr/bin/../lib/gcc/arm-none-eabi/7.3.1/../../../../arm-none-eabi/lib/thumb/v7e-m/fpv4-sp/hard/libc.a(lib_a-wctomb_r.o)
                              /usr/bin/../lib/gcc/arm-none-eabi/7.3.1/../../../../arm-none-eabi/lib/thumb/v7e-m/fpv4-sp/hard/libc.a(lib_a-locale.o) (__ascii_wctomb)
/usr/bin/../lib/gcc/arm-none-eabi/7.3.1/../../../../arm-none-eabi/lib/thumb/v7e-m/fpv4-sp/hard/libc.a(lib_a-wsetup.o)
                              /usr/bin/../lib/gcc/arm-none-eabi/7.3.1/../../../../arm-none-eabi/lib/thumb/v7e-m/fpv4-sp/hard/libc.a(lib_a-vfprintf.o) (__swsetup_r)
[...]
Memory Configuration

Name             Origin             Length             Attributes
FLASH            0x0000000000000000 0x0000000000080000 xr
RAM              0x0000000020000000 0x0000000000010000 xrw
*default*        0x0000000000000000 0xffffffffffffffff

Linker script and memory map


.text           0x0000000000000000    0x11790
 *(.isr_vector)
 .isr_vector    0x0000000000000000      0x200 _build/gcc_startup_nrf52.os
                0x0000000000000000                __isr_vector
 *(.text*)
 .text          0x0000000000000200       0x40 /usr/bin/../lib/gcc/arm-none-eabi/7.3.1/thumb/v7e-m/fpv4-sp/hard/crtbegin.o
 .text          0x0000000000000240       0x74 /usr/bin/../lib/gcc/arm-none-eabi/7.3.1/../../../../arm-none-eabi/lib/thumb/v7e-m/fpv4-sp/hard/crt0.o
                0x0000000000000240                _mainCRTStartup
                0x0000000000000240                _start
 .text.pvPortMalloc
                0x00000000000002b4       0xc8 _build/heap_2.o
                0x00000000000002b4                pvPortMalloc
 .text.vPortFree
                0x000000000000037c       0x80 _build/heap_2.o
                0x000000000000037c                vPortFree
 .text.setDevices
                0x00000000000003fc       0x68 _build/support.o
                0x00000000000003fc                setDevices
 .text.vTask1   0x0000000000000464      0x108 _build/main.o
                0x0000000000000464                vTask1
 .text.vTask2   0x000000000000056c       0xa8 _build/main.o
                0x000000000000056c                vTask2
 .text.prvSetupHardware
                0x0000000000000614       0x7c _build/main.o
                0x0000000000000614                prvSetupHardware
 .text.startup.main
                0x0000000000000690       0x94 _build/main.o
                0x0000000000000690                main
 .text.prvTaskExitError
                0x0000000000000724       0x24 _build/port_cmsis.o
 .text.pxPortInitialiseStack
                0x0000000000000748       0x24 _build/port_cmsis.o
                0x0000000000000748                pxPortInitialiseStack
 .text.xPortStartScheduler
                0x000000000000076c       0xc8 _build/port_cmsis.o
                0x000000000000076c                xPortStartScheduler
 .text.vPortEnterCritical
                0x0000000000000834       0x34 _build/port_cmsis.o
                0x0000000000000834                vPortEnterCritical
 .text.vPortExitCritical
                0x0000000000000868       0x28 _build/port_cmsis.o
                0x0000000000000868                vPortExitCritical
 .text.prvIsQueueEmpty
                0x0000000000000890       0x16 _build/queue.o
 .text.prvCopyDataFromQueue
                0x00000000000008a6       0x2a _build/queue.o
 .text.prvUnlockQueue
                0x00000000000008d0       0x70 _build/queue.o
 .text.xQueueGenericReset
                0x0000000000000940       0x9c _build/queue.o
                0x0000000000000940                xQueueGenericReset
 .text.xQueueGenericCreate
                0x00000000000009dc       0x50 _build/queue.o
                0x00000000000009dc                xQueueGenericCreate
 .text.xQueueReceive
                0x0000000000000a2c      0x128 _build/queue.o
                0x0000000000000a2c                xQueueReceive
 .text.vQueueAddToRegistry
                0x0000000000000b54       0x54 _build/queue.o
                0x0000000000000b54                vQueueAddToRegistry
 .text.vQueueWaitForMessageRestricted
                0x0000000000000ba8       0x46 _build/queue.o
                0x0000000000000ba8                vQueueWaitForMessageRestricted
 .text.vListInitialise
                0x0000000000000bee       0x16 _build/list.o
                0x0000000000000bee                vListInitialise
 .text.vListInitialiseItem
                0x0000000000000c04        0x6 _build/list.o
                0x0000000000000c04                vListInitialiseItem
 .text.vListInsert
                0x0000000000000c0a       0x2e _build/list.o
                0x0000000000000c0a                vListInsert
 .text.uxListRemove
                0x0000000000000c38       0x26 _build/list.o
                0x0000000000000c38                uxListRemove
 *fill*         0x0000000000000c5e        0x2 
 .text.gpio_config
                0x0000000000000c60       0x20 _build/gpio.o
                0x0000000000000c60                gpio_config
 .text.gpio_clear
                0x0000000000000c80       0x10 _build/gpio.o
                0x0000000000000c80                gpio_clear
 .text.vPortStartFirstTask
                0x0000000000000c90       0x1c _build/port.o
                0x0000000000000c90                vPortStartFirstTask
 .text.SVC_Handler
                0x0000000000000cac       0x20 _build/port.o
                0x0000000000000cac                SVC_Handler
 .text.PendSV_Handler
                0x0000000000000ccc       0x60 _build/port.o
                0x0000000000000ccc                PendSV_Handler
 .text.timer_init
                0x0000000000000d2c       0x20 _build/timestamp.o
                0x0000000000000d2c                timer_init
 .text.init_SDCard
                0x0000000000000d4c       0xdc _build/timestamp.o
                0x0000000000000d4c                init_SDCard
 .text.prvCheckForValidListAndQueue
                0x0000000000000e28       0x58 _build/timers.o
 .text.prvInsertTimerInActiveList
                0x0000000000000e80       0x3c _build/timers.o
 .text.prvReloadTimer
                0x0000000000000ebc       0x26 _build/timers.o
 *fill*         0x0000000000000ee2        0x2 
 .text.prvProcessExpiredTimer
                0x0000000000000ee4       0x40 _build/timers.o
 .text.prvSwitchTimerLists
                0x0000000000000f24       0x2c _build/timers.o
 .text.prvTimerTask
                0x0000000000000f50      0x1a8 _build/timers.o
 .text.xTimerCreateTimerTask
                0x00000000000010f8       0x4c _build/timers.o
                0x00000000000010f8                xTimerCreateTimerTask
 .text.prvAddCurrentTaskToDelayedList
                0x0000000000001144       0xa4 _build/tasks.o
 .text.prvResetNextTaskUnblockTime
                0x00000000000011e8       0x24 _build/tasks.o
 .text.prvIdleTask
                0x000000000000120c       0x68 _build/tasks.o
 .text.xTaskCreate
                0x0000000000001274      0x1e4 _build/tasks.o
                0x0000000000001274                xTaskCreate
 .text.vTaskStartScheduler
                0x0000000000001458       0x74 _build/tasks.o
                0x0000000000001458                vTaskStartScheduler
 .text.vTaskSuspendAll
                0x00000000000014cc       0x10 _build/tasks.o
                0x00000000000014cc                vTaskSuspendAll
 .text.xTaskGetTickCount
                0x00000000000014dc        0xc _build/tasks.o
                0x00000000000014dc                xTaskGetTickCount
 .text.xTaskIncrementTick
                0x00000000000014e8      0x188 _build/tasks.o
                0x00000000000014e8                xTaskIncrementTick
 .text.xTaskResumeAll
                0x0000000000001670      0x16c _build/tasks.o
                0x0000000000001670                xTaskResumeAll
 .text.vTaskDelay
                0x00000000000017dc       0x4c _build/tasks.o
                0x00000000000017dc                vTaskDelay
 .text.vTaskSwitchContext
                0x0000000000001828       0x70 _build/tasks.o
                0x0000000000001828                vTaskSwitchContext
 .text.vTaskPlaceOnEventList
                0x0000000000001898       0x34 _build/tasks.o
                0x0000000000001898                vTaskPlaceOnEventList
 .text.vTaskPlaceOnEventListRestricted
                0x00000000000018cc       0x58 _build/tasks.o
                0x00000000000018cc                vTaskPlaceOnEventListRestricted
 .text.xTaskRemoveFromEventList
                0x0000000000001924       0xe4 _build/tasks.o
                0x0000000000001924                xTaskRemoveFromEventList
 .text.vTaskInternalSetTimeOutState
                0x0000000000001a08       0x18 _build/tasks.o
                0x0000000000001a08                vTaskInternalSetTimeOutState
 .text.xTaskCheckForTimeOut
                0x0000000000001a20       0x6c _build/tasks.o
                0x0000000000001a20                xTaskCheckForTimeOut
 .text.vTaskMissedYield
                0x0000000000001a8c        0xc _build/tasks.o
                0x0000000000001a8c                vTaskMissedYield
 .text.xTaskGetSchedulerState
                0x0000000000001a98       0x20 _build/tasks.o
                0x0000000000001a98                xTaskGetSchedulerState
 .text.SysTick_Handler
                0x0000000000001ab8       0x28 _build/port_cmsis_systick.o
                0x0000000000001ab8                SysTick_Handler
 .text.vPortSetupTimerInterrupt
                0x0000000000001ae0       0x2c _build/port_cmsis_systick.o
                0x0000000000001ae0                vPortSetupTimerInterrupt
 .text.nrf_drv_spi_transfer.constprop.1
                0x0000000000001b0c       0x1c _build/display.o
 .text.nrf_delay_ms.part.0.constprop.2
                0x0000000000001b28       0x1c _build/display.o
 .text.display_init
                0x0000000000001b44       0xf0 _build/display.o
                0x0000000000001b44                display_init
 .text.display_write
                0x0000000000001c34       0xa4 _build/display.o
                0x0000000000001c34                display_write
 .text.nrf_delay_ms.part.0
                0x0000000000001cd8       0x1c _build/better_error_handling.o
 .text.app_error_fault_handler
                0x0000000000001cf4      0x104 _build/better_error_handling.o
                0x0000000000001cf4                app_error_fault_handler
 .text.HardFault_process
                0x0000000000001df8       0x9a _build/better_error_handling.o
                0x0000000000001df8                HardFault_process
 .text.gyro_timer_event_handler
                0x0000000000001e92        0x2 _build/lsm9ds1.o
 .text.i2c_reg_write
                0x0000000000001e94       0x48 _build/lsm9ds1.o
 .text.i2c_reg_read.constprop.0
                0x0000000000001edc       0x64 _build/lsm9ds1.o
 .text.i2c_read_bytes.constprop.1
                0x0000000000001f40       0x58 _build/lsm9ds1.o
 .text.calcgRes
                0x0000000000001f98       0x38 _build/lsm9ds1.o
                0x0000000000001f98                calcgRes
 .text.calcaRes
                0x0000000000001fd0       0x44 _build/lsm9ds1.o
                0x0000000000001fd0                calcaRes
 .text.calcmRes
                0x0000000000002014       0x44 _build/lsm9ds1.o
                0x0000000000002014                calcmRes
 .text.lsm9ds1_whoami_ag
                0x0000000000002058        0xc _build/lsm9ds1.o
                0x0000000000002058                lsm9ds1_whoami_ag
 .text.lsm9ds1_whoami_m
                0x0000000000002064        0xc _build/lsm9ds1.o
                0x0000000000002064                lsm9ds1_whoami_m
 .text.initGyro
                0x0000000000002070       0xa8 _build/lsm9ds1.o
                0x0000000000002070                initGyro
 .text.initAccel
                0x0000000000002118       0x74 _build/lsm9ds1.o
                0x0000000000002118                initAccel
 .text.initMag  0x000000000000218c       0x7c _build/lsm9ds1.o
                0x000000000000218c                initMag
 .text.lsm9ds1_read_accelerometer
                0x0000000000002208       0x74 _build/lsm9ds1.o
                0x0000000000002208                lsm9ds1_read_accelerometer
 .text.lsm9ds1_read_gyro
                0x000000000000227c       0xa0 _build/lsm9ds1.o
                0x000000000000227c                lsm9ds1_read_gyro
 .text.lsm9ds1_calibrate
                0x000000000000231c      0x130 _build/lsm9ds1.o
                0x000000000000231c                lsm9ds1_calibrate
 .text.lsm9ds1_init
                0x000000000000244c      0x118 _build/lsm9ds1.o
                0x000000000000244c                lsm9ds1_init
 .text._GetAvailWriteSpace
                0x0000000000002564       0x1c _build/SEGGER_RTT.o
 .text._WriteNoCheck
                0x0000000000002580       0x3a _build/SEGGER_RTT.o
 .text._WriteBlocking
                0x00000000000025ba       0x52 _build/SEGGER_RTT.o
 .text._DoInit  0x000000000000260c       0x60 _build/SEGGER_RTT.o
 .text.SEGGER_RTT_WriteNoLock
                0x000000000000266c       0x68 _build/SEGGER_RTT.o
                0x000000000000266c                SEGGER_RTT_WriteNoLock
 .text.SEGGER_RTT_Write
                0x00000000000026d4       0x34 _build/SEGGER_RTT.o
                0x00000000000026d4                SEGGER_RTT_Write
 .text.SEGGER_RTT_Init
                0x0000000000002708        0x4 _build/SEGGER_RTT.o
                0x0000000000002708                SEGGER_RTT_Init
 .text._write_r
                0x000000000000270c       0x12 _build/SEGGER_RTT_Syscalls_GCC.o
                0x000000000000270c                _write_r
 .text.app_error_handler
                0x000000000000271e       0x1a _build/app_error_handler_gcc.o
                0x000000000000271e                app_error_handler
 .text.user_op_alloc
                0x0000000000002738       0x2c _build/app_timer.o
 .text.nrfx_coredep_delay_us.constprop.3
                0x0000000000002764       0x10 _build/app_timer.o
 .text.RTC1_IRQHandler
                0x0000000000002774       0x9c _build/app_timer.o
                0x0000000000002774                RTC1_IRQHandler
 .text.SWI0_EGU0_IRQHandler
                0x0000000000002810      0x2a4 _build/app_timer.o
                0x0000000000002810                SWI0_EGU0_IRQHandler
 .text.app_timer_init
                0x0000000000002ab4       0x88 _build/app_timer.o
                0x0000000000002ab4                app_timer_init
 .text.app_timer_create
                0x0000000000002b3c       0x24 _build/app_timer.o
                0x0000000000002b3c                app_timer_create
 .text.app_timer_start
                0x0000000000002b60       0x84 _build/app_timer.o
                0x0000000000002b60                app_timer_start
 .text.app_util_disable_irq
                0x0000000000002be4       0x10 _build/app_util_platform.o
                0x0000000000002be4                app_util_disable_irq
 .text.app_util_enable_irq
                0x0000000000002bf4       0x14 _build/app_util_platform.o
                0x0000000000002bf4                app_util_enable_irq
 .text.privilege_level_get
                0x0000000000002c08       0x1a _build/app_util_platform.o
                0x0000000000002c08                privilege_level_get
 *fill*         0x0000000000002c22        0x2 
 .text.app_util_critical_region_enter
                0x0000000000002c24       0x20 _build/app_util_platform.o
                0x0000000000002c24                app_util_critical_region_enter
 .text.app_util_critical_region_exit
                0x0000000000002c44       0x20 _build/app_util_platform.o
                0x0000000000002c44                app_util_critical_region_exit
 .text.startup.called_first
                0x0000000000002c64       0x10 _build/before_startup.o
                0x0000000000002c64                called_first
 .text.ld_dword
                0x0000000000002c74       0x10 _build/ff.o
 .text.st_dword
                0x0000000000002c84       0x10 _build/ff.o
 .text.mem_set  0x0000000000002c94        0xc _build/ff.o
 .text.mem_cmp  0x0000000000002ca0       0x1c _build/ff.o
 .text.clst2sect
                0x0000000000002cbc       0x16 _build/ff.o
 *fill*         0x0000000000002cd2        0x2 
 .text.get_ldnumber
                0x0000000000002cd4       0x40 _build/ff.o
 .text.validate
                0x0000000000002d14       0x34 _build/ff.o
 .text.mem_cpy.part.0
                0x0000000000002d48       0x12 _build/ff.o
 .text.ld_clust.isra.3
                0x0000000000002d5a       0x1c _build/ff.o
 .text.st_clust.isra.4
                0x0000000000002d76       0x18 _build/ff.o
 .text.sync_window.part.6
                0x0000000000002d8e       0x40 _build/ff.o
 .text.move_window
                0x0000000000002dce       0x3c _build/ff.o
 *fill*         0x0000000000002e0a        0x2 
 .text.check_fs
                0x0000000000002e0c       0x70 _build/ff.o
 .text.find_volume
                0x0000000000002e7c      0x28c _build/ff.o
 .text.put_fat  0x0000000000003108       0xf8 _build/ff.o
 .text.get_fat.isra.10
                0x0000000000003200       0xb4 _build/ff.o
 .text.dir_sdi  0x00000000000032b4       0x7a _build/ff.o
 .text.create_chain
                0x000000000000332e       0xe8 _build/ff.o
 .text.remove_chain
                0x0000000000003416       0x6e _build/ff.o
 .text.sync_fs  0x0000000000003484       0x9e _build/ff.o
 .text.dir_clear
                0x0000000000003522       0x58 _build/ff.o
 .text.dir_next
                0x000000000000357a       0xaa _build/ff.o
 .text.follow_path
                0x0000000000003624      0x1cc _build/ff.o
 .text.dir_alloc.constprop.13
                0x00000000000037f0       0x34 _build/ff.o
 .text.dir_register
                0x0000000000003824       0x38 _build/ff.o
 .text.f_mount  0x000000000000385c       0x4c _build/ff.o
                0x000000000000385c                f_mount
 .text.f_open   0x00000000000038a8      0x1d2 _build/ff.o
                0x00000000000038a8                f_open
 .text.f_write  0x0000000000003a7a      0x18a _build/ff.o
                0x0000000000003a7a                f_write
 .text.putc_bfd
                0x0000000000003c04       0x38 _build/ff.o
 .text.putc_flush
                0x0000000000003c3c       0x2e _build/ff.o
 .text.f_sync   0x0000000000003c6a       0x8e _build/ff.o
                0x0000000000003c6a                f_sync
 .text.f_close  0x0000000000003cf8       0x1a _build/ff.o
                0x0000000000003cf8                f_close
 .text.f_lseek  0x0000000000003d12      0x134 _build/ff.o
                0x0000000000003d12                f_lseek
 *fill*         0x0000000000003e46        0x2 
 .text.f_mkfs   0x0000000000003e48      0x56c _build/ff.o
                0x0000000000003e48                f_mkfs
 .text.f_puts   0x00000000000043b4       0x2c _build/ff.o
                0x00000000000043b4                f_puts
 .text.HardFault_Handler
                0x00000000000043e0       0x34 _build/hardfault_handler_gcc.o
                0x00000000000043e0                HardFault_Handler
 .text.HardFault_c_handler
                0x0000000000004414      0x104 _build/hardfault_implementation.o
                0x0000000000004414                HardFault_c_handler
 .text.xchg_spi
                0x0000000000004518       0x1e _build/mmc_nrf.o
 *fill*         0x0000000000004536        0x2 
 .text.wait_ready
                0x0000000000004538       0x24 _build/mmc_nrf.o
 .text.deselect_sd
                0x000000000000455c       0x12 _build/mmc_nrf.o
 .text.select_sd
                0x000000000000456e       0x2c _build/mmc_nrf.o
 .text.send_cmd
                0x000000000000459a       0x84 _build/mmc_nrf.o
 *fill*         0x000000000000461e        0x2 
 .text.rcvr_datablock
                0x0000000000004620       0x48 _build/mmc_nrf.o
 .text.xmit_datablock.part.1
                0x0000000000004668       0x32 _build/mmc_nrf.o
 *fill*         0x000000000000469a        0x2 
 .text.disk_initialize
                0x000000000000469c      0x17c _build/mmc_nrf.o
                0x000000000000469c                disk_initialize
 .text.disk_status
                0x0000000000004818       0x14 _build/mmc_nrf.o
                0x0000000000004818                disk_status
 .text.disk_read
                0x000000000000482c       0xa4 _build/mmc_nrf.o
                0x000000000000482c                disk_read
 .text.disk_write
                0x00000000000048d0       0xec _build/mmc_nrf.o
                0x00000000000048d0                disk_write
 .text.disk_ioctl
                0x00000000000049bc      0x1fc _build/mmc_nrf.o
                0x00000000000049bc                disk_ioctl
 .text.disk_restart
                0x0000000000004bb8       0x34 _build/mmc_nrf.o
                0x0000000000004bb8                disk_restart
 .text.disk_timerproc
                0x0000000000004bec       0x34 _build/mmc_nrf.o
                0x0000000000004bec                disk_timerproc
 .text.assert_nrf_callback
                0x0000000000004c20       0x1a _build/nrf_assert.o
                0x0000000000004c20                assert_nrf_callback
 .text.nrf_atomic_u32_fetch_store
                0x0000000000004c3a       0x14 _build/nrf_atomic.o
                0x0000000000004c3a                nrf_atomic_u32_fetch_store
 .text.nrf_atomic_u32_or
                0x0000000000004c4e       0x16 _build/nrf_atomic.o
                0x0000000000004c4e                nrf_atomic_u32_or
 .text.nrf_atomic_u32_fetch_and
                0x0000000000004c64       0x16 _build/nrf_atomic.o
                0x0000000000004c64                nrf_atomic_u32_fetch_and
 .text.nrf_atomic_u32_add
                0x0000000000004c7a       0x16 _build/nrf_atomic.o
                0x0000000000004c7a                nrf_atomic_u32_add
 .text.nrf_atomic_u32_sub
                0x0000000000004c90       0x16 _build/nrf_atomic.o
                0x0000000000004c90                nrf_atomic_u32_sub
 .text.nrf_atomic_flag_set
                0x0000000000004ca6        0x6 _build/nrf_atomic.o
                0x0000000000004ca6                nrf_atomic_flag_set
 .text.nrf_atomic_flag_clear_fetch
                0x0000000000004cac        0x6 _build/nrf_atomic.o
                0x0000000000004cac                nrf_atomic_flag_clear_fetch
 *fill*         0x0000000000004cb2        0x2 
 .text.nrf_balloc_init
                0x0000000000004cb4       0x7c _build/nrf_balloc.o
                0x0000000000004cb4                nrf_balloc_init
 .text.nrf_balloc_alloc
                0x0000000000004d30       0x54 _build/nrf_balloc.o
                0x0000000000004d30                nrf_balloc_alloc
 .text.nrf_balloc_free
                0x0000000000004d84       0x48 _build/nrf_balloc.o
                0x0000000000004d84                nrf_balloc_free
 .text.clock_clk_started_notify
                0x0000000000004dcc       0x28 _build/nrf_drv_clock.o
 .text.clock_irq_handler
                0x0000000000004df4       0x1c _build/nrf_drv_clock.o
 .text.nrf_drv_clock_init
                0x0000000000004e10       0x30 _build/nrf_drv_clock.o
                0x0000000000004e10                nrf_drv_clock_init
 .text.spim_evt_handler
                0x0000000000004e40       0x3c _build/nrf_drv_spi.o
 .text.nrf_drv_spi_init
                0x0000000000004e7c       0x80 _build/nrf_drv_spi.o
                0x0000000000004e7c                nrf_drv_spi_init
 .text.twim_evt_handler
                0x0000000000004efc       0x48 _build/nrf_drv_twi.o
 .text.nrf_gpio_pin_port_decode.isra.0.part.1
                0x0000000000004f44       0x10 _build/nrf_drv_twi.o
 .text.nrf_gpio_pin_set
                0x0000000000004f54       0x1c _build/nrf_drv_twi.o
 .text.nrfx_coredep_delay_us.constprop.2
                0x0000000000004f70       0x10 _build/nrf_drv_twi.o
 .text.nrf_drv_twi_init
                0x0000000000004f80       0xf0 _build/nrf_drv_twi.o
                0x0000000000004f80                nrf_drv_twi_init
 .text.nrf_fprintf_buffer_flush
                0x0000000000005070       0x24 _build/nrf_fprintf.o
                0x0000000000005070                nrf_fprintf_buffer_flush
 .text.nrf_fprintf
                0x0000000000005094       0x58 _build/nrf_fprintf.o
                0x0000000000005094                nrf_fprintf
 .text.buffer_add
                0x00000000000050ec       0x1e _build/nrf_fprintf_format.o
 *fill*         0x000000000000510a        0x2 
 .text.unsigned_print
                0x000000000000510c       0xac _build/nrf_fprintf_format.o
 .text.nrf_fprintf_fmt
                0x00000000000051b8      0x2c4 _build/nrf_fprintf_format.o
                0x00000000000051b8                nrf_fprintf_fmt
 .text.nrf_log_backend_rtt_flush
                0x000000000000547c        0x2 _build/nrf_log_backend_rtt.o
 *fill*         0x000000000000547e        0x2 
 .text.nrf_log_backend_rtt_put
                0x0000000000005480       0x1c _build/nrf_log_backend_rtt.o
 .text.serial_tx
                0x000000000000549c       0x50 _build/nrf_log_backend_rtt.o
 .text.nrf_log_backend_rtt_panic_set
                0x00000000000054ec        0x2 _build/nrf_log_backend_rtt.o
 .text.nrf_log_backend_rtt_init
                0x00000000000054ee        0x4 _build/nrf_log_backend_rtt.o
                0x00000000000054ee                nrf_log_backend_rtt_init
 .text.nrf_log_backend_serial_put
                0x00000000000054f2       0xcc _build/nrf_log_backend_serial.o
                0x00000000000054f2                nrf_log_backend_serial_put
 *fill*         0x00000000000055be        0x2 
 .text.nrf_log_default_backends_init
                0x00000000000055c0       0x30 _build/nrf_log_default_backends.o
                0x00000000000055c0                nrf_log_default_backends_init
 .text.invalid_packets_omit
                0x00000000000055f0       0x3a _build/nrf_log_frontend.o
 *fill*         0x000000000000562a        0x2 
 .text.buf_prealloc
                0x000000000000562c      0x130 _build/nrf_log_frontend.o
 .text.nrf_log_init
                0x000000000000575c       0x3c _build/nrf_log_frontend.o
                0x000000000000575c                nrf_log_init
 .text.nrf_log_module_name_get
                0x0000000000005798       0x38 _build/nrf_log_frontend.o
                0x0000000000005798                nrf_log_module_name_get
 .text.nrf_log_color_id_get
                0x00000000000057d0       0x2c _build/nrf_log_frontend.o
                0x00000000000057d0                nrf_log_color_id_get
 .text.buffer_is_empty
                0x00000000000057fc       0x14 _build/nrf_log_frontend.o
                0x00000000000057fc                buffer_is_empty
 .text.nrf_log_frontend_dequeue
                0x0000000000005810      0x220 _build/nrf_log_frontend.o
                0x0000000000005810                nrf_log_frontend_dequeue
 .text.std_n    0x0000000000005a30       0xd8 _build/nrf_log_frontend.o
 .text.nrf_log_frontend_std_0
                0x0000000000005b08        0x8 _build/nrf_log_frontend.o
                0x0000000000005b08                nrf_log_frontend_std_0
 .text.nrf_log_frontend_std_1
                0x0000000000005b10       0x14 _build/nrf_log_frontend.o
                0x0000000000005b10                nrf_log_frontend_std_1
 .text.nrf_log_frontend_std_3
                0x0000000000005b24       0x18 _build/nrf_log_frontend.o
                0x0000000000005b24                nrf_log_frontend_std_3
 .text.nrf_log_frontend_std_4
                0x0000000000005b3c       0x1c _build/nrf_log_frontend.o
                0x0000000000005b3c                nrf_log_frontend_std_4
 .text.nrf_log_backend_add
                0x0000000000005b58       0x54 _build/nrf_log_frontend.o
                0x0000000000005b58                nrf_log_backend_add
 .text.nrf_log_panic
                0x0000000000005bac       0x2c _build/nrf_log_frontend.o
                0x0000000000005bac                nrf_log_panic
 .text.postfix_process
                0x0000000000005bd8       0x3c _build/nrf_log_str_formatter.o
 .text.prefix_process
                0x0000000000005c14       0x78 _build/nrf_log_str_formatter.o
 .text.nrf_log_std_entry_process
                0x0000000000005c8c       0xc8 _build/nrf_log_str_formatter.o
                0x0000000000005c8c                nrf_log_std_entry_process
 .text.nrf_log_hexdump_entry_process
                0x0000000000005d54       0xbc _build/nrf_log_str_formatter.o
                0x0000000000005d54                nrf_log_hexdump_entry_process
 .text.memobj_op
                0x0000000000005e10       0xa4 _build/nrf_memobj.o
 .text.nrf_memobj_pool_init
                0x0000000000005eb4        0x4 _build/nrf_memobj.o
                0x0000000000005eb4                nrf_memobj_pool_init
 .text.nrf_memobj_free
                0x0000000000005eb8       0x2c _build/nrf_memobj.o
                0x0000000000005eb8                nrf_memobj_free
 .text.nrf_memobj_alloc
                0x0000000000005ee4       0x5e _build/nrf_memobj.o
                0x0000000000005ee4                nrf_memobj_alloc
 .text.nrf_memobj_get
                0x0000000000005f42        0x8 _build/nrf_memobj.o
                0x0000000000005f42                nrf_memobj_get
 .text.nrf_memobj_put
                0x0000000000005f4a       0x1e _build/nrf_memobj.o
                0x0000000000005f4a                nrf_memobj_put
 .text.nrf_memobj_write
                0x0000000000005f68       0x2c _build/nrf_memobj.o
                0x0000000000005f68                nrf_memobj_write
 .text.nrf_memobj_read
                0x0000000000005f94       0x2c _build/nrf_memobj.o
                0x0000000000005f94                nrf_memobj_read
 .text.nrf_ringbuf_init
                0x0000000000005fc0       0x1c _build/nrf_ringbuf.o
                0x0000000000005fc0                nrf_ringbuf_init
 .text.queue_utilization_get
                0x0000000000005fdc       0x18 _build/nrf_queue.o
 .text.nrf_queue_next_idx
                0x0000000000005ff4       0x20 _build/nrf_queue.o
 .text.nrf_queue_is_full
                0x0000000000006014       0x28 _build/nrf_queue.o
                0x0000000000006014                nrf_queue_is_full
 .text.nrf_queue_push
                0x000000000000603c       0xbc _build/nrf_queue.o
                0x000000000000603c                nrf_queue_push
 .text.nrf_queue_is_empty
                0x00000000000060f8       0x24 _build/nrf_queue.o
                0x00000000000060f8                nrf_queue_is_empty
 .text.nrf_queue_generic_pop
                0x000000000000611c       0x9c _build/nrf_queue.o
                0x000000000000611c                nrf_queue_generic_pop
 .text.nrf_strerror_find
                0x00000000000061b8       0x3c _build/nrf_strerror.o
                0x00000000000061b8                nrf_strerror_find
 .text.nrf_strerror_get
                0x00000000000061f4       0x14 _build/nrf_strerror.o
                0x00000000000061f4                nrf_strerror_get
 .text.internal_transaction_cb
                0x0000000000006208        0xa _build/nrf_twi_mngr.o
 *fill*         0x0000000000006212        0x2 
 .text.transaction_end_signal
                0x0000000000006214       0x30 _build/nrf_twi_mngr.o
 .text.start_transfer
                0x0000000000006244       0xc4 _build/nrf_twi_mngr.o
 .text.start_pending_transaction
                0x0000000000006308       0xb0 _build/nrf_twi_mngr.o
 .text.twi_event_handler
                0x00000000000063b8       0x58 _build/nrf_twi_mngr.o
 .text.nrf_twi_mngr_init
                0x0000000000006410       0x78 _build/nrf_twi_mngr.o
                0x0000000000006410                nrf_twi_mngr_init
 .text.nrf_twi_mngr_schedule
                0x0000000000006488       0x60 _build/nrf_twi_mngr.o
                0x0000000000006488                nrf_twi_mngr_schedule
 .text.nrf_twi_mngr_perform
                0x00000000000064e8       0x80 _build/nrf_twi_mngr.o
                0x00000000000064e8                nrf_twi_mngr_perform
 .text.nrfx_clock_init
                0x0000000000006568       0x2c _build/nrfx_clock.o
                0x0000000000006568                nrfx_clock_init
 .text.nrfx_clock_enable
                0x0000000000006594       0x3c _build/nrfx_clock.o
                0x0000000000006594                nrfx_clock_enable
 .text.POWER_CLOCK_IRQHandler
                0x00000000000065d0       0x64 _build/nrfx_clock.o
                0x00000000000065d0                POWER_CLOCK_IRQHandler
 .text.nrf_gpiote_event_clear
                0x0000000000006634       0x18 _build/nrfx_gpiote.o
 .text.channel_free
                0x000000000000664c       0x1c _build/nrfx_gpiote.o
 .text.nrf_gpio_pin_port_decode.isra.0.part.1
                0x0000000000006668       0x10 _build/nrfx_gpiote.o
 .text.nrf_gpio_cfg_sense_set
                0x0000000000006678       0x2e _build/nrfx_gpiote.o
 *fill*         0x00000000000066a6        0x2 
 .text.nrfx_gpiote_init
                0x00000000000066a8       0x6c _build/nrfx_gpiote.o
                0x00000000000066a8                nrfx_gpiote_init
 .text.nrfx_gpiote_is_init
                0x0000000000006714       0x14 _build/nrfx_gpiote.o
                0x0000000000006714                nrfx_gpiote_is_init
 .text.nrfx_gpiote_out_init
                0x0000000000006728      0x11c _build/nrfx_gpiote.o
                0x0000000000006728                nrfx_gpiote_out_init
 .text.nrfx_gpiote_out_set
                0x0000000000006844       0x5c _build/nrfx_gpiote.o
                0x0000000000006844                nrfx_gpiote_out_set
 .text.nrfx_gpiote_out_clear
                0x00000000000068a0       0x5c _build/nrfx_gpiote.o
                0x00000000000068a0                nrfx_gpiote_out_clear
 .text.GPIOTE_IRQHandler
                0x00000000000068fc      0x18c _build/nrfx_gpiote.o
                0x00000000000068fc                GPIOTE_IRQHandler
 .text.UARTE0_UART0_IRQHandler
                0x0000000000006a88       0x20 _build/nrfx_prs.o
                0x0000000000006a88                UARTE0_UART0_IRQHandler
 .text.nrfx_prs_acquire
                0x0000000000006aa8       0x44 _build/nrfx_prs.o
                0x0000000000006aa8                nrfx_prs_acquire
 .text.nrfx_prs_release
                0x0000000000006aec       0x28 _build/nrfx_prs.o
                0x0000000000006aec                nrfx_prs_release
 .text.nrf_pwm_event_clear
                0x0000000000006b14       0x10 _build/nrfx_pwm.o
 .text.irq_handler
                0x0000000000006b24       0x80 _build/nrfx_pwm.o
 .text.PWM0_IRQHandler
                0x0000000000006ba4       0x10 _build/nrfx_pwm.o
                0x0000000000006ba4                PWM0_IRQHandler
 .text.PWM1_IRQHandler
                0x0000000000006bb4       0x10 _build/nrfx_pwm.o
                0x0000000000006bb4                PWM1_IRQHandler
 .text.PWM2_IRQHandler
                0x0000000000006bc4       0x10 _build/nrfx_pwm.o
                0x0000000000006bc4                PWM2_IRQHandler
 .text.nrf_saadc_event_clear
                0x0000000000006bd4       0x18 _build/nrfx_saadc.o
 .text.SAADC_IRQHandler
                0x0000000000006bec      0x164 _build/nrfx_saadc.o
                0x0000000000006bec                SAADC_IRQHandler
 .text.nrf_gpio_pin_port_decode.isra.0.part.1
                0x0000000000006d50       0x10 _build/nrfx_spim.o
 .text.nrf_gpio_pin_clear
                0x0000000000006d60       0x1c _build/nrfx_spim.o
 .text.nrf_gpio_pin_set
                0x0000000000006d7c       0x1c _build/nrfx_spim.o
 .text.SPIM1_SPIS1_TWIM1_TWIS1_SPI1_TWI1_IRQHandler
                0x0000000000006d98       0x64 _build/nrfx_spim.o
                0x0000000000006d98                SPIM1_SPIS1_TWIM1_TWIS1_SPI1_TWI1_IRQHandler
 .text.nrfx_spim_init
                0x0000000000006dfc      0x214 _build/nrfx_spim.o
                0x0000000000006dfc                nrfx_spim_init
 .text.nrfx_spim_xfer
                0x0000000000007010      0x170 _build/nrfx_spim.o
                0x0000000000007010                nrfx_spim_xfer
 .text.irq_handler.constprop.0
                0x0000000000007180       0x4c _build/nrfx_timer.o
 .text.nrfx_timer_init
                0x00000000000071cc      0x160 _build/nrfx_timer.o
                0x00000000000071cc                nrfx_timer_init
 .text.TIMER0_IRQHandler
                0x000000000000732c       0x10 _build/nrfx_timer.o
                0x000000000000732c                TIMER0_IRQHandler
 .text.TIMER1_IRQHandler
                0x000000000000733c       0x10 _build/nrfx_timer.o
                0x000000000000733c                TIMER1_IRQHandler
 .text.nrf_twim_event_clear
                0x000000000000734c       0x10 _build/nrfx_twim.o
 .text.SPIM0_SPIS0_TWIM0_TWIS0_SPI0_TWI0_IRQHandler
                0x000000000000735c      0x158 _build/nrfx_twim.o
                0x000000000000735c                SPIM0_SPIS0_TWIM0_TWIS0_SPI0_TWI0_IRQHandler
 .text.nrfx_twim_init
                0x00000000000074b4      0x160 _build/nrfx_twim.o
                0x00000000000074b4                nrfx_twim_init
 .text.nrfx_twim_enable
                0x0000000000007614       0x40 _build/nrfx_twim.o
                0x0000000000007614                nrfx_twim_enable
 .text.nrfx_twim_disable
                0x0000000000007654       0x54 _build/nrfx_twim.o
                0x0000000000007654                nrfx_twim_disable
 .text.nrfx_twim_uninit
                0x00000000000076a8       0xb8 _build/nrfx_twim.o
                0x00000000000076a8                nrfx_twim_uninit
 .text.nrfx_twim_xfer
                0x0000000000007760      0x304 _build/nrfx_twim.o
                0x0000000000007760                nrfx_twim_xfer
 .text.heartbeat
                0x0000000000007a64        0x4 _build/simple_logger.o
 .text.logger_init
                0x0000000000007a68      0x16c _build/simple_logger.o
 .text.error    0x0000000000007bd4       0x20 _build/simple_logger.o
 .text.simple_logger_init
                0x0000000000007bf4       0xb0 _build/simple_logger.o
                0x0000000000007bf4                simple_logger_init
 .text.simple_logger_log_header
                0x0000000000007ca4       0x60 _build/simple_logger.o
                0x0000000000007ca4                simple_logger_log_header
 .text.errata_12
                0x0000000000007d04       0x40 _build/system_nrf52.o
 .text.errata_16
                0x0000000000007d44       0x34 _build/system_nrf52.o
 .text.SystemInit
                0x0000000000007d78      0x25c _build/system_nrf52.o
                0x0000000000007d78                SystemInit
 .text          0x0000000000007fd4       0x3c _build/gcc_startup_nrf52.os
                0x0000000000007fd4                Reset_Handler
                0x0000000000007ffc                NMI_Handler
                0x0000000000008000                MemoryManagement_Handler
                0x0000000000008002                BusFault_Handler
                0x0000000000008004                UsageFault_Handler
                0x0000000000008008                DebugMon_Handler
                0x000000000000800e                TIMER2_IRQHandler
                0x000000000000800e                RTC0_IRQHandler
                0x000000000000800e                SWI2_EGU2_IRQHandler
                0x000000000000800e                RADIO_IRQHandler
                0x000000000000800e                PDM_IRQHandler
                0x000000000000800e                TEMP_IRQHandler
                0x000000000000800e                QDEC_IRQHandler
                0x000000000000800e                TIMER3_IRQHandler
                0x000000000000800e                FPU_IRQHandler
                0x000000000000800e                TIMER4_IRQHandler
                0x000000000000800e                I2S_IRQHandler
                0x000000000000800e                SWI4_EGU4_IRQHandler
                0x000000000000800e                ECB_IRQHandler
                0x000000000000800e                Default_Handler
                0x000000000000800e                CCM_AAR_IRQHandler
                0x000000000000800e                WDT_IRQHandler
                0x000000000000800e                SWI5_EGU5_IRQHandler
                0x000000000000800e                RNG_IRQHandler
                0x000000000000800e                RTC2_IRQHandler
                0x000000000000800e                SWI3_EGU3_IRQHandler
                0x000000000000800e                SWI1_EGU1_IRQHandler
                0x000000000000800e                SPIM2_SPIS2_SPI2_IRQHandler
                0x000000000000800e                NFCT_IRQHandler
                0x000000000000800e                MWU_IRQHandler
                0x000000000000800e                COMP_LPCOMP_IRQHandler
 .text.exit     0x0000000000008010       0x20 /usr/bin/../lib/gcc/arm-none-eabi/7.3.1/../../../../arm-none-eabi/lib/thumb/v7e-m/fpv4-sp/hard/libc.a(lib_a-exit.o)
                0x0000000000008010                exit
 .text.__libc_init_array
                0x0000000000008030       0x48 /usr/bin/../lib/gcc/arm-none-eabi/7.3.1/../../../../arm-none-eabi/lib/thumb/v7e-m/fpv4-sp/hard/libc.a(lib_a-init.o)
                0x0000000000008030                __libc_init_array
 .text.__locale_mb_cur_max
                0x0000000000008078       0x1c /usr/bin/../lib/gcc/arm-none-eabi/7.3.1/../../../../arm-none-eabi/lib/thumb/v7e-m/fpv4-sp/hard/libc.a(lib_a-locale.o)
                0x0000000000008078                __locale_mb_cur_max
 .text.__locale_ctype_ptr
                0x0000000000008094       0x1c /usr/bin/../lib/gcc/arm-none-eabi/7.3.1/../../../../arm-none-eabi/lib/thumb/v7e-m/fpv4-sp/hard/libc.a(lib_a-locale.o)
                0x0000000000008094                __locale_ctype_ptr
 .text.__ascii_mbtowc
                0x00000000000080b0       0x2c /usr/bin/../lib/gcc/arm-none-eabi/7.3.1/../../../../arm-none-eabi/lib/thumb/v7e-m/fpv4-sp/hard/libc.a(lib_a-mbtowc_r.o)
                0x00000000000080b0                __ascii_mbtowc
 .text.memcmp   0x00000000000080dc       0x64 /usr/bin/../lib/gcc/arm-none-eabi/7.3.1/../../../../arm-none-eabi/lib/thumb/v7e-m/fpv4-sp/hard/libc.a(lib_a-memcmp.o)
                0x00000000000080dc                memcmp
 .text          0x0000000000008140      0x134 /usr/bin/../lib/gcc/arm-none-eabi/7.3.1/../../../../arm-none-eabi/lib/thumb/v7e-m/fpv4-sp/hard/libc.a(lib_a-memcpy.o)
                0x0000000000008140                memcpy
 .text.memset   0x0000000000008274       0x94 /usr/bin/../lib/gcc/arm-none-eabi/7.3.1/../../../../arm-none-eabi/lib/thumb/v7e-m/fpv4-sp/hard/libc.a(lib_a-memset.o)
                0x0000000000008274                memset
 .text.printf   0x0000000000008308       0x28 /usr/bin/../lib/gcc/arm-none-eabi/7.3.1/../../../../arm-none-eabi/lib/thumb/v7e-m/fpv4-sp/hard/libc.a(lib_a-printf.o)
                0x0000000000008308                printf
 .text.setbuf   0x0000000000008330       0x10 /usr/bin/../lib/gcc/arm-none-eabi/7.3.1/../../../../arm-none-eabi/lib/thumb/v7e-m/fpv4-sp/hard/libc.a(lib_a-setbuf.o)
                0x0000000000008330                setbuf
 .text.setvbuf  0x0000000000008340      0x180 /usr/bin/../lib/gcc/arm-none-eabi/7.3.1/../../../../arm-none-eabi/lib/thumb/v7e-m/fpv4-sp/hard/libc.a(lib_a-setvbuf.o)
                0x0000000000008340                setvbuf
 .text.snprintf
                0x00000000000084c0       0x90 /usr/bin/../lib/gcc/arm-none-eabi/7.3.1/../../../../arm-none-eabi/lib/thumb/v7e-m/fpv4-sp/hard/libc.a(lib_a-snprintf.o)
                0x00000000000084c0                snprintf
 .text.strcpy   0x0000000000008550       0xbc /usr/bin/../lib/gcc/arm-none-eabi/7.3.1/../../../../arm-none-eabi/lib/thumb/v7e-m/fpv4-sp/hard/libc.a(lib_a-strcpy.o)
                0x0000000000008550                strcpy
 *fill*         0x000000000000860c       0x34 
 .text          0x0000000000008640       0xdc /usr/bin/../lib/gcc/arm-none-eabi/7.3.1/../../../../arm-none-eabi/lib/thumb/v7e-m/fpv4-sp/hard/libc.a(lib_a-strlen.o)
                0x0000000000008640                strlen
 *fill*         0x000000000000871c        0x4 
 .text._svfprintf_r
                0x0000000000008720     0x19cc /usr/bin/../lib/gcc/arm-none-eabi/7.3.1/../../../../arm-none-eabi/lib/thumb/v7e-m/fpv4-sp/hard/libc.a(lib_a-svfprintf.o)
                0x0000000000008720                _svfprintf_r
 *fill*         0x000000000000a0ec        0x4 
 .text._vfprintf_r
                0x000000000000a0f0     0x1a7c /usr/bin/../lib/gcc/arm-none-eabi/7.3.1/../../../../arm-none-eabi/lib/thumb/v7e-m/fpv4-sp/hard/libc.a(lib_a-vfprintf.o)
                0x000000000000a0f0                _vfprintf_r
 .text.__sbprintf
                0x000000000000bb6c       0x84 /usr/bin/../lib/gcc/arm-none-eabi/7.3.1/../../../../arm-none-eabi/lib/thumb/v7e-m/fpv4-sp/hard/libc.a(lib_a-vfprintf.o)
 .text._vsnprintf_r
                0x000000000000bbf0       0x70 /usr/bin/../lib/gcc/arm-none-eabi/7.3.1/../../../../arm-none-eabi/lib/thumb/v7e-m/fpv4-sp/hard/libc.a(lib_a-vsnprintf.o)
                0x000000000000bbf0                _vsnprintf_r
 .text.vsnprintf
                0x000000000000bc60       0x20 /usr/bin/../lib/gcc/arm-none-eabi/7.3.1/../../../../arm-none-eabi/lib/thumb/v7e-m/fpv4-sp/hard/libc.a(lib_a-vsnprintf.o)
                0x000000000000bc60                vsnprintf
 .text.__ascii_wctomb
                0x000000000000bc80       0x1c /usr/bin/../lib/gcc/arm-none-eabi/7.3.1/../../../../arm-none-eabi/lib/thumb/v7e-m/fpv4-sp/hard/libc.a(lib_a-wctomb_r.o)
                0x000000000000bc80                __ascii_wctomb
 .text.__swsetup_r
                0x000000000000bc9c       0xcc /usr/bin/../lib/gcc/arm-none-eabi/7.3.1/../../../../arm-none-eabi/lib/thumb/v7e-m/fpv4-sp/hard/libc.a(lib_a-wsetup.o)
                0x000000000000bc9c                __swsetup_r
 .text.startup.register_fini
                0x000000000000bd68       0x14 /usr/bin/../lib/gcc/arm-none-eabi/7.3.1/../../../../arm-none-eabi/lib/thumb/v7e-m/fpv4-sp/hard/libc.a(lib_a-__call_atexit.o)
 .text.__call_exitprocs
                0x000000000000bd7c       0xe8 /usr/bin/../lib/gcc/arm-none-eabi/7.3.1/../../../../arm-none-eabi/lib/thumb/v7e-m/fpv4-sp/hard/libc.a(lib_a-__call_atexit.o)
                0x000000000000bd7c                __call_exitprocs
 .text.atexit   0x000000000000be64        0xc /usr/bin/../lib/gcc/arm-none-eabi/7.3.1/../../../../arm-none-eabi/lib/thumb/v7e-m/fpv4-sp/hard/libc.a(lib_a-atexit.o)
                0x000000000000be64                atexit
 .text.quorem   0x000000000000be70      0x124 /usr/bin/../lib/gcc/arm-none-eabi/7.3.1/../../../../arm-none-eabi/lib/thumb/v7e-m/fpv4-sp/hard/libc.a(lib_a-dtoa.o)
 *fill*         0x000000000000bf94        0x4 
 .text._dtoa_r  0x000000000000bf98      0xe20 /usr/bin/../lib/gcc/arm-none-eabi/7.3.1/../../../../arm-none-eabi/lib/thumb/v7e-m/fpv4-sp/hard/libc.a(lib_a-dtoa.o)
                0x000000000000bf98                _dtoa_r
 .text.__sflush_r
                0x000000000000cdb8      0x154 /usr/bin/../lib/gcc/arm-none-eabi/7.3.1/../../../../arm-none-eabi/lib/thumb/v7e-m/fpv4-sp/hard/libc.a(lib_a-fflush.o)
                0x000000000000cdb8                __sflush_r
 .text._fflush_r
                0x000000000000cf0c       0x5c /usr/bin/../lib/gcc/arm-none-eabi/7.3.1/../../../../arm-none-eabi/lib/thumb/v7e-m/fpv4-sp/hard/libc.a(lib_a-fflush.o)
                0x000000000000cf0c                _fflush_r
 .text.std      0x000000000000cf68       0x50 /usr/bin/../lib/gcc/arm-none-eabi/7.3.1/../../../../arm-none-eabi/lib/thumb/v7e-m/fpv4-sp/hard/libc.a(lib_a-findfp.o)
 .text._cleanup_r
                0x000000000000cfb8        0xc /usr/bin/../lib/gcc/arm-none-eabi/7.3.1/../../../../arm-none-eabi/lib/thumb/v7e-m/fpv4-sp/hard/libc.a(lib_a-findfp.o)
                0x000000000000cfb8                _cleanup_r
 .text.__sinit  0x000000000000cfc4       0x58 /usr/bin/../lib/gcc/arm-none-eabi/7.3.1/../../../../arm-none-eabi/lib/thumb/v7e-m/fpv4-sp/hard/libc.a(lib_a-findfp.o)
                0x000000000000cfc4                __sinit
 .text.__sfp_lock_acquire
                0x000000000000d01c        0xc /usr/bin/../lib/gcc/arm-none-eabi/7.3.1/../../../../arm-none-eabi/lib/thumb/v7e-m/fpv4-sp/hard/libc.a(lib_a-findfp.o)
                0x000000000000d01c                __sfp_lock_acquire
 .text.__sfp_lock_release
                0x000000000000d028        0xc /usr/bin/../lib/gcc/arm-none-eabi/7.3.1/../../../../arm-none-eabi/lib/thumb/v7e-m/fpv4-sp/hard/libc.a(lib_a-findfp.o)
                0x000000000000d028                __sfp_lock_release
 .text.__libc_fini_array
                0x000000000000d034       0x34 /usr/bin/../lib/gcc/arm-none-eabi/7.3.1/../../../../arm-none-eabi/lib/thumb/v7e-m/fpv4-sp/hard/libc.a(lib_a-fini.o)
                0x000000000000d034                __libc_fini_array
 .text._malloc_trim_r
                0x000000000000d068       0xa0 /usr/bin/../lib/gcc/arm-none-eabi/7.3.1/../../../../arm-none-eabi/lib/thumb/v7e-m/fpv4-sp/hard/libc.a(lib_a-freer.o)
                0x000000000000d068                _malloc_trim_r
 .text._free_r  0x000000000000d108      0x1e8 /usr/bin/../lib/gcc/arm-none-eabi/7.3.1/../../../../arm-none-eabi/lib/thumb/v7e-m/fpv4-sp/hard/libc.a(lib_a-freer.o)
                0x000000000000d108                _free_r
 .text._fwalk_reent
                0x000000000000d2f0       0x54 /usr/bin/../lib/gcc/arm-none-eabi/7.3.1/../../../../arm-none-eabi/lib/thumb/v7e-m/fpv4-sp/hard/libc.a(lib_a-fwalk.o)
                0x000000000000d2f0                _fwalk_reent
 .text._localeconv_r
                0x000000000000d344       0x1c /usr/bin/../lib/gcc/arm-none-eabi/7.3.1/../../../../arm-none-eabi/lib/thumb/v7e-m/fpv4-sp/hard/libc.a(lib_a-localeconv.o)
                0x000000000000d344                _localeconv_r
 .text.__retarget_lock_init_recursive
                0x000000000000d360        0x4 /usr/bin/../lib/gcc/arm-none-eabi/7.3.1/../../../../arm-none-eabi/lib/thumb/v7e-m/fpv4-sp/hard/libc.a(lib_a-lock.o)
                0x000000000000d360                __retarget_lock_init_recursive
 .text.__retarget_lock_close_recursive
                0x000000000000d364        0x4 /usr/bin/../lib/gcc/arm-none-eabi/7.3.1/../../../../arm-none-eabi/lib/thumb/v7e-m/fpv4-sp/hard/libc.a(lib_a-lock.o)
                0x000000000000d364                __retarget_lock_close_recursive
 .text.__retarget_lock_acquire_recursive
                0x000000000000d368        0x4 /usr/bin/../lib/gcc/arm-none-eabi/7.3.1/../../../../arm-none-eabi/lib/thumb/v7e-m/fpv4-sp/hard/libc.a(lib_a-lock.o)
                0x000000000000d368                __retarget_lock_acquire_recursive
 .text.__retarget_lock_release_recursive
                0x000000000000d36c        0x4 /usr/bin/../lib/gcc/arm-none-eabi/7.3.1/../../../../arm-none-eabi/lib/thumb/v7e-m/fpv4-sp/hard/libc.a(lib_a-lock.o)
                0x000000000000d36c                __retarget_lock_release_recursive
 .text.__swhatbuf_r
                0x000000000000d370       0x5c /usr/bin/../lib/gcc/arm-none-eabi/7.3.1/../../../../arm-none-eabi/lib/thumb/v7e-m/fpv4-sp/hard/libc.a(lib_a-makebuf.o)
                0x000000000000d370                __swhatbuf_r
 .text.__smakebuf_r
                0x000000000000d3cc       0x94 /usr/bin/../lib/gcc/arm-none-eabi/7.3.1/../../../../arm-none-eabi/lib/thumb/v7e-m/fpv4-sp/hard/libc.a(lib_a-makebuf.o)
                0x000000000000d3cc                __smakebuf_r
 .text.malloc   0x000000000000d460       0x10 /usr/bin/../lib/gcc/arm-none-eabi/7.3.1/../../../../arm-none-eabi/lib/thumb/v7e-m/fpv4-sp/hard/libc.a(lib_a-malloc.o)
                0x000000000000d460                malloc
 .text.free     0x000000000000d470       0x10 /usr/bin/../lib/gcc/arm-none-eabi/7.3.1/../../../../arm-none-eabi/lib/thumb/v7e-m/fpv4-sp/hard/libc.a(lib_a-malloc.o)
                0x000000000000d470                free
 .text._malloc_r
                0x000000000000d480      0x548 /usr/bin/../lib/gcc/arm-none-eabi/7.3.1/../../../../arm-none-eabi/lib/thumb/v7e-m/fpv4-sp/hard/libc.a(lib_a-mallocr.o)
                0x000000000000d480                _malloc_r
 *fill*         0x000000000000d9c8        0x8 
 .text          0x000000000000d9d0       0xa0 /usr/bin/../lib/gcc/arm-none-eabi/7.3.1/../../../../arm-none-eabi/lib/thumb/v7e-m/fpv4-sp/hard/libc.a(lib_a-memchr.o)
                0x000000000000d9d0                memchr
 .text.__malloc_lock
                0x000000000000da70        0xc /usr/bin/../lib/gcc/arm-none-eabi/7.3.1/../../../../arm-none-eabi/lib/thumb/v7e-m/fpv4-sp/hard/libc.a(lib_a-mlock.o)
                0x000000000000da70                __malloc_lock
 .text.__malloc_unlock
                0x000000000000da7c        0xc /usr/bin/../lib/gcc/arm-none-eabi/7.3.1/../../../../arm-none-eabi/lib/thumb/v7e-m/fpv4-sp/hard/libc.a(lib_a-mlock.o)
                0x000000000000da7c                __malloc_unlock
 .text._Balloc  0x000000000000da88       0x4c /usr/bin/../lib/gcc/arm-none-eabi/7.3.1/../../../../arm-none-eabi/lib/thumb/v7e-m/fpv4-sp/hard/libc.a(lib_a-mprec.o)
                0x000000000000da88                _Balloc
 .text._Bfree   0x000000000000dad4       0x14 /usr/bin/../lib/gcc/arm-none-eabi/7.3.1/../../../../arm-none-eabi/lib/thumb/v7e-m/fpv4-sp/hard/libc.a(lib_a-mprec.o)
                0x000000000000dad4                _Bfree
 .text.__multadd
                0x000000000000dae8       0x80 /usr/bin/../lib/gcc/arm-none-eabi/7.3.1/../../../../arm-none-eabi/lib/thumb/v7e-m/fpv4-sp/hard/libc.a(lib_a-mprec.o)
                0x000000000000dae8                __multadd
 .text.__hi0bits
                0x000000000000db68       0x40 /usr/bin/../lib/gcc/arm-none-eabi/7.3.1/../../../../arm-none-eabi/lib/thumb/v7e-m/fpv4-sp/hard/libc.a(lib_a-mprec.o)
                0x000000000000db68                __hi0bits
 .text.__lo0bits
                0x000000000000dba8       0x60 /usr/bin/../lib/gcc/arm-none-eabi/7.3.1/../../../../arm-none-eabi/lib/thumb/v7e-m/fpv4-sp/hard/libc.a(lib_a-mprec.o)
                0x000000000000dba8                __lo0bits
 .text.__i2b    0x000000000000dc08       0x14 /usr/bin/../lib/gcc/arm-none-eabi/7.3.1/../../../../arm-none-eabi/lib/thumb/v7e-m/fpv4-sp/hard/libc.a(lib_a-mprec.o)
                0x000000000000dc08                __i2b
 .text.__multiply
                0x000000000000dc1c      0x14c /usr/bin/../lib/gcc/arm-none-eabi/7.3.1/../../../../arm-none-eabi/lib/thumb/v7e-m/fpv4-sp/hard/libc.a(lib_a-mprec.o)
                0x000000000000dc1c                __multiply
 .text.__pow5mult
                0x000000000000dd68       0xa0 /usr/bin/../lib/gcc/arm-none-eabi/7.3.1/../../../../arm-none-eabi/lib/thumb/v7e-m/fpv4-sp/hard/libc.a(lib_a-mprec.o)
                0x000000000000dd68                __pow5mult
 .text.__lshift
                0x000000000000de08       0xac /usr/bin/../lib/gcc/arm-none-eabi/7.3.1/../../../../arm-none-eabi/lib/thumb/v7e-m/fpv4-sp/hard/libc.a(lib_a-mprec.o)
                0x000000000000de08                __lshift
 .text.__mcmp   0x000000000000deb4       0x38 /usr/bin/../lib/gcc/arm-none-eabi/7.3.1/../../../../arm-none-eabi/lib/thumb/v7e-m/fpv4-sp/hard/libc.a(lib_a-mprec.o)
                0x000000000000deb4                __mcmp
 .text.__mdiff  0x000000000000deec       0xec /usr/bin/../lib/gcc/arm-none-eabi/7.3.1/../../../../arm-none-eabi/lib/thumb/v7e-m/fpv4-sp/hard/libc.a(lib_a-mprec.o)
                0x000000000000deec                __mdiff
 .text.__d2b    0x000000000000dfd8       0xc4 /usr/bin/../lib/gcc/arm-none-eabi/7.3.1/../../../../arm-none-eabi/lib/thumb/v7e-m/fpv4-sp/hard/libc.a(lib_a-mprec.o)
                0x000000000000dfd8                __d2b
 .text.frexp    0x000000000000e09c       0x68 /usr/bin/../lib/gcc/arm-none-eabi/7.3.1/../../../../arm-none-eabi/lib/thumb/v7e-m/fpv4-sp/hard/libc.a(lib_a-s_frexp.o)
                0x000000000000e09c                frexp
 .text._sbrk_r  0x000000000000e104       0x24 /usr/bin/../lib/gcc/arm-none-eabi/7.3.1/../../../../arm-none-eabi/lib/thumb/v7e-m/fpv4-sp/hard/libc.a(lib_a-sbrkr.o)
                0x000000000000e104                _sbrk_r
 .text.__sread  0x000000000000e128       0x24 /usr/bin/../lib/gcc/arm-none-eabi/7.3.1/../../../../arm-none-eabi/lib/thumb/v7e-m/fpv4-sp/hard/libc.a(lib_a-stdio.o)
                0x000000000000e128                __sread
 .text.__swrite
                0x000000000000e14c       0x3c /usr/bin/../lib/gcc/arm-none-eabi/7.3.1/../../../../arm-none-eabi/lib/thumb/v7e-m/fpv4-sp/hard/libc.a(lib_a-stdio.o)
                0x000000000000e14c                __swrite
 .text.__sseek  0x000000000000e188       0x20 /usr/bin/../lib/gcc/arm-none-eabi/7.3.1/../../../../arm-none-eabi/lib/thumb/v7e-m/fpv4-sp/hard/libc.a(lib_a-stdio.o)
                0x000000000000e188                __sseek
 .text.__sclose
                0x000000000000e1a8        0x8 /usr/bin/../lib/gcc/arm-none-eabi/7.3.1/../../../../arm-none-eabi/lib/thumb/v7e-m/fpv4-sp/hard/libc.a(lib_a-stdio.o)
                0x000000000000e1a8                __sclose
 .text.strncpy  0x000000000000e1b0       0x64 /usr/bin/../lib/gcc/arm-none-eabi/7.3.1/../../../../arm-none-eabi/lib/thumb/v7e-m/fpv4-sp/hard/libc.a(lib_a-strncpy.o)
                0x000000000000e1b0                strncpy
 .text.__ssprint_r
                0x000000000000e214       0xf4 /usr/bin/../lib/gcc/arm-none-eabi/7.3.1/../../../../arm-none-eabi/lib/thumb/v7e-m/fpv4-sp/hard/libc.a(lib_a-svfiprintf.o)
                0x000000000000e214                __ssprint_r
 .text.__sprint_r.part.0
                0x000000000000e308       0x78 /usr/bin/../lib/gcc/arm-none-eabi/7.3.1/../../../../arm-none-eabi/lib/thumb/v7e-m/fpv4-sp/hard/libc.a(lib_a-vfiprintf.o)
 .text.__sprint_r
                0x000000000000e380       0x14 /usr/bin/../lib/gcc/arm-none-eabi/7.3.1/../../../../arm-none-eabi/lib/thumb/v7e-m/fpv4-sp/hard/libc.a(lib_a-vfiprintf.o)
                0x000000000000e380                __sprint_r
 .text.__register_exitproc
                0x000000000000e394       0xc0 /usr/bin/../lib/gcc/arm-none-eabi/7.3.1/../../../../arm-none-eabi/lib/thumb/v7e-m/fpv4-sp/hard/libc.a(lib_a-__atexit.o)
                0x000000000000e394                __register_exitproc
 .text._calloc_r
                0x000000000000e454       0x68 /usr/bin/../lib/gcc/arm-none-eabi/7.3.1/../../../../arm-none-eabi/lib/thumb/v7e-m/fpv4-sp/hard/libc.a(lib_a-callocr.o)
                0x000000000000e454                _calloc_r
 .text._close_r
                0x000000000000e4bc       0x24 /usr/bin/../lib/gcc/arm-none-eabi/7.3.1/../../../../arm-none-eabi/lib/thumb/v7e-m/fpv4-sp/hard/libc.a(lib_a-closer.o)
                0x000000000000e4bc                _close_r
 .text._fclose_r
                0x000000000000e4e0       0xd0 /usr/bin/../lib/gcc/arm-none-eabi/7.3.1/../../../../arm-none-eabi/lib/thumb/v7e-m/fpv4-sp/hard/libc.a(lib_a-fclose.o)
                0x000000000000e4e0                _fclose_r
 .text.__fputwc
                0x000000000000e5b0       0xa0 /usr/bin/../lib/gcc/arm-none-eabi/7.3.1/../../../../arm-none-eabi/lib/thumb/v7e-m/fpv4-sp/hard/libc.a(lib_a-fputwc.o)
                0x000000000000e5b0                __fputwc
 .text._fputwc_r
                0x000000000000e650       0x64 /usr/bin/../lib/gcc/arm-none-eabi/7.3.1/../../../../arm-none-eabi/lib/thumb/v7e-m/fpv4-sp/hard/libc.a(lib_a-fputwc.o)
                0x000000000000e650                _fputwc_r
 .text._fstat_r
                0x000000000000e6b4       0x28 /usr/bin/../lib/gcc/arm-none-eabi/7.3.1/../../../../arm-none-eabi/lib/thumb/v7e-m/fpv4-sp/hard/libc.a(lib_a-fstatr.o)
                0x000000000000e6b4                _fstat_r
 .text.__sfvwrite_r
                0x000000000000e6dc      0x2fc /usr/bin/../lib/gcc/arm-none-eabi/7.3.1/../../../../arm-none-eabi/lib/thumb/v7e-m/fpv4-sp/hard/libc.a(lib_a-fvwrite.o)
                0x000000000000e6dc                __sfvwrite_r
 .text._isatty_r
                0x000000000000e9d8       0x24 /usr/bin/../lib/gcc/arm-none-eabi/7.3.1/../../../../arm-none-eabi/lib/thumb/v7e-m/fpv4-sp/hard/libc.a(lib_a-isattyr.o)
                0x000000000000e9d8                _isatty_r
 .text._lseek_r
                0x000000000000e9fc       0x2c /usr/bin/../lib/gcc/arm-none-eabi/7.3.1/../../../../arm-none-eabi/lib/thumb/v7e-m/fpv4-sp/hard/libc.a(lib_a-lseekr.o)
                0x000000000000e9fc                _lseek_r
 .text.memmove  0x000000000000ea28       0xc8 /usr/bin/../lib/gcc/arm-none-eabi/7.3.1/../../../../arm-none-eabi/lib/thumb/v7e-m/fpv4-sp/hard/libc.a(lib_a-memmove.o)
                0x000000000000ea28                memmove
 .text._read_r  0x000000000000eaf0       0x2c /usr/bin/../lib/gcc/arm-none-eabi/7.3.1/../../../../arm-none-eabi/lib/thumb/v7e-m/fpv4-sp/hard/libc.a(lib_a-readr.o)
                0x000000000000eaf0                _read_r
 .text._realloc_r
                0x000000000000eb1c      0x35c /usr/bin/../lib/gcc/arm-none-eabi/7.3.1/../../../../arm-none-eabi/lib/thumb/v7e-m/fpv4-sp/hard/libc.a(lib_a-reallocr.o)
                0x000000000000eb1c                _realloc_r
 .text.__swbuf_r
                0x000000000000ee78       0xb0 /usr/bin/../lib/gcc/arm-none-eabi/7.3.1/../../../../arm-none-eabi/lib/thumb/v7e-m/fpv4-sp/hard/libc.a(lib_a-wbuf.o)
                0x000000000000ee78                __swbuf_r
 .text._wcrtomb_r
                0x000000000000ef28       0x50 /usr/bin/../lib/gcc/arm-none-eabi/7.3.1/../../../../arm-none-eabi/lib/thumb/v7e-m/fpv4-sp/hard/libc.a(lib_a-wcrtomb.o)
                0x000000000000ef28                _wcrtomb_r
 .text._close   0x000000000000ef78       0x10 /usr/bin/../lib/gcc/arm-none-eabi/7.3.1/../../../../arm-none-eabi/lib/thumb/v7e-m/fpv4-sp/hard/libnosys.a(close.o)
                0x000000000000ef78                _close
 .text._fstat   0x000000000000ef88       0x10 /usr/bin/../lib/gcc/arm-none-eabi/7.3.1/../../../../arm-none-eabi/lib/thumb/v7e-m/fpv4-sp/hard/libnosys.a(fstat.o)
                0x000000000000ef88                _fstat
 .text._isatty  0x000000000000ef98       0x10 /usr/bin/../lib/gcc/arm-none-eabi/7.3.1/../../../../arm-none-eabi/lib/thumb/v7e-m/fpv4-sp/hard/libnosys.a(isatty.o)
                0x000000000000ef98                _isatty
 .text._lseek   0x000000000000efa8       0x10 /usr/bin/../lib/gcc/arm-none-eabi/7.3.1/../../../../arm-none-eabi/lib/thumb/v7e-m/fpv4-sp/hard/libnosys.a(lseek.o)
                0x000000000000efa8                _lseek
 .text._read    0x000000000000efb8       0x10 /usr/bin/../lib/gcc/arm-none-eabi/7.3.1/../../../../arm-none-eabi/lib/thumb/v7e-m/fpv4-sp/hard/libnosys.a(read.o)
                0x000000000000efb8                _read
 .text._sbrk    0x000000000000efc8       0x1c /usr/bin/../lib/gcc/arm-none-eabi/7.3.1/../../../../arm-none-eabi/lib/thumb/v7e-m/fpv4-sp/hard/libnosys.a(sbrk.o)
                0x000000000000efc8                _sbrk
 .text._exit    0x000000000000efe4        0x4 /usr/bin/../lib/gcc/arm-none-eabi/7.3.1/../../../../arm-none-eabi/lib/thumb/v7e-m/fpv4-sp/hard/libnosys.a(_exit.o)
                0x000000000000efe4                _exit
 .text          0x000000000000efe8      0x378 /usr/bin/../lib/gcc/arm-none-eabi/7.3.1/thumb/v7e-m/fpv4-sp/hard/libgcc.a(_arm_addsubdf3.o)
                0x000000000000efe8                __aeabi_drsub
                0x000000000000eff0                __aeabi_dsub
                0x000000000000eff0                __subdf3
                0x000000000000eff4                __adddf3
                0x000000000000eff4                __aeabi_dadd
                0x000000000000f26c                __aeabi_ui2d
                0x000000000000f26c                __floatunsidf
                0x000000000000f28c                __floatsidf
                0x000000000000f28c                __aeabi_i2d
                0x000000000000f2b0                __extendsfdf2
                0x000000000000f2b0                __aeabi_f2d
                0x000000000000f2f4                __aeabi_ul2d
                0x000000000000f2f4                __floatundidf
                0x000000000000f304                __floatdidf
                0x000000000000f304                __aeabi_l2d
 .text          0x000000000000f360      0x424 /usr/bin/../lib/gcc/arm-none-eabi/7.3.1/thumb/v7e-m/fpv4-sp/hard/libgcc.a(_arm_muldivdf3.o)
                0x000000000000f360                __aeabi_dmul
                0x000000000000f360                __muldf3
                0x000000000000f5b4                __aeabi_ddiv
                0x000000000000f5b4                __divdf3
 .text          0x000000000000f784      0x110 /usr/bin/../lib/gcc/arm-none-eabi/7.3.1/thumb/v7e-m/fpv4-sp/hard/libgcc.a(_arm_cmpdf2.o)
                0x000000000000f784                __gtdf2
                0x000000000000f784                __gedf2
                0x000000000000f78c                __ltdf2
                0x000000000000f78c                __ledf2
                0x000000000000f794                __cmpdf2
                0x000000000000f794                __eqdf2
                0x000000000000f794                __nedf2
                0x000000000000f810                __aeabi_cdrcmple
                0x000000000000f820                __aeabi_cdcmple
                0x000000000000f820                __aeabi_cdcmpeq
                0x000000000000f830                __aeabi_dcmpeq
                0x000000000000f844                __aeabi_dcmplt
                0x000000000000f858                __aeabi_dcmple
                0x000000000000f86c                __aeabi_dcmpge
                0x000000000000f880                __aeabi_dcmpgt
 .text          0x000000000000f894       0x2c /usr/bin/../lib/gcc/arm-none-eabi/7.3.1/thumb/v7e-m/fpv4-sp/hard/libgcc.a(_arm_unorddf2.o)
                0x000000000000f894                __aeabi_dcmpun
                0x000000000000f894                __unorddf2
 .text          0x000000000000f8c0       0x50 /usr/bin/../lib/gcc/arm-none-eabi/7.3.1/thumb/v7e-m/fpv4-sp/hard/libgcc.a(_arm_fixdfsi.o)
                0x000000000000f8c0                __fixdfsi
                0x000000000000f8c0                __aeabi_d2iz
 .text          0x000000000000f910       0x30 /usr/bin/../lib/gcc/arm-none-eabi/7.3.1/thumb/v7e-m/fpv4-sp/hard/libgcc.a(_aeabi_uldivmod.o)
                0x000000000000f910                __aeabi_uldivmod
 .text          0x000000000000f940      0x2cc /usr/bin/../lib/gcc/arm-none-eabi/7.3.1/thumb/v7e-m/fpv4-sp/hard/libgcc.a(_udivmoddi4.o)
                0x000000000000f940                __udivmoddi4
 .text          0x000000000000fc0c        0x4 /usr/bin/../lib/gcc/arm-none-eabi/7.3.1/thumb/v7e-m/fpv4-sp/hard/libgcc.a(_dvmd_tls.o)
                0x000000000000fc0c                __aeabi_ldiv0
                0x000000000000fc0c                __aeabi_idiv0
 *(.init)
 .init          0x000000000000fc10        0x4 /usr/bin/../lib/gcc/arm-none-eabi/7.3.1/thumb/v7e-m/fpv4-sp/hard/crti.o
                0x000000000000fc10                _init
 .init          0x000000000000fc14        0x8 /usr/bin/../lib/gcc/arm-none-eabi/7.3.1/thumb/v7e-m/fpv4-sp/hard/crtn.o
 *(.fini)
 .fini          0x000000000000fc1c        0x4 /usr/bin/../lib/gcc/arm-none-eabi/7.3.1/thumb/v7e-m/fpv4-sp/hard/crti.o
                0x000000000000fc1c                _fini
 .fini          0x000000000000fc20        0x8 /usr/bin/../lib/gcc/arm-none-eabi/7.3.1/thumb/v7e-m/fpv4-sp/hard/crtn.o
 *crtbegin.o(.ctors)
 *crtbegin?.o(.ctors)
 *(EXCLUDE_FILE(*crtend.o *crtend?.o) .ctors)
 *(SORT_BY_NAME(.ctors.*))
 *(.ctors)
 *crtbegin.o(.dtors)
 *crtbegin?.o(.dtors)
 *(EXCLUDE_FILE(*crtend.o *crtend?.o) .dtors)
 *(SORT_BY_NAME(.dtors.*))
 *(.dtors)
 *(.rodata*)
 .rodata.vPortFree.str1.1
                0x000000000000fc28        0x9 _build/heap_2.o
 .rodata.setDevices.str1.1
                0x000000000000fc31       0x1c _build/support.o
 *fill*         0x000000000000fc4d        0x3 
 .rodata        0x000000000000fc50       0x30 _build/main.o
 .rodata.main.str1.1
                0x000000000000fc80       0x53 _build/main.o
 .rodata.prvSetupHardware.str1.1
                0x000000000000fcd3       0x42 _build/main.o
 *fill*         0x000000000000fd15        0x3 
 .rodata.twi_mngr_instance
                0x000000000000fd18       0x18 _build/main.o
 .rodata.vTask1.str1.1
                0x000000000000fd30       0x58 _build/main.o
 .rodata.vTask2.str1.1
                0x000000000000fd88       0x7f _build/main.o
 .rodata.prvTaskExitError.str1.1
                0x000000000000fe07        0xd _build/port_cmsis.o
 .rodata.xQueueGenericReset.str1.1
                0x000000000000fe14        0xd _build/queue.o
                                          0x8 (size before relaxing)
 .rodata.gpio_config.str1.1
                0x000000000000fe14       0x1b _build/gpio.o
 .rodata.init_SDCard.str1.1
                0x000000000000fe2f       0x62 _build/timestamp.o
 .rodata.prvCheckForValidListAndQueue.str1.1
                0x000000000000fe91        0x5 _build/timers.o
 .rodata.prvTimerTask.str1.1
                0x000000000000fe96        0x9 _build/timers.o
 .rodata.xTimerCreateTimerTask.str1.1
                0x000000000000fe9f        0x8 _build/timers.o
 .rodata.prvTaskIsTaskSuspended.str1.1
                0x000000000000fea7        0x8 _build/tasks.o
 .rodata.vTaskStartScheduler.str1.1
                0x000000000000feaf        0x5 _build/tasks.o
 *fill*         0x000000000000feb4        0xc 
 .rodata.delay_machine_code.8388
                0x000000000000fec0        0x6 _build/display.o
 .rodata.display_init.str1.1
                0x000000000000fec6       0x59 _build/display.o
 .rodata.app_error_fault_handler.str1.1
                0x000000000000ff1f       0x78 _build/better_error_handling.o
 *fill*         0x000000000000ff97        0x9 
 .rodata.delay_machine_code.8197
                0x000000000000ffa0        0x6 _build/better_error_handling.o
 *fill*         0x000000000000ffa6        0x2 
 .rodata        0x000000000000ffa8        0x8 _build/lsm9ds1.o
 .rodata.gyro_timer
                0x000000000000ffb0        0x8 _build/lsm9ds1.o
 .rodata.i2c_reg_write.str1.1
                0x000000000000ffb8       0x55 _build/lsm9ds1.o
 .rodata.lsm9ds1_calibrate.str1.1
                0x000000000001000d       0x45 _build/lsm9ds1.o
 .rodata._DoInit.str1.1
                0x0000000000010052       0x14 _build/SEGGER_RTT.o
 *fill*         0x0000000000010066        0xa 
 .rodata.delay_machine_code.8843
                0x0000000000010070        0x6 _build/app_timer.o
 .rodata.app_util_critical_region_enter.str1.1
                0x0000000000010076       0x63 _build/app_util_platform.o
 .rodata.ExCvt  0x00000000000100d9       0x80 _build/ff.o
 .rodata.check_fs.str1.1
                0x0000000000010159        0xa _build/ff.o
 *fill*         0x0000000000010163        0x1 
 .rodata.cst.5722
                0x0000000000010164        0xe _build/ff.o
 .rodata.cst32.5723
                0x0000000000010172        0xe _build/ff.o
 .rodata.f_mkfs.str1.1
                0x0000000000010180       0x34 _build/ff.o
 .rodata.follow_path.str1.1
                0x00000000000101b4        0xf _build/ff.o
 .rodata.HardFault_c_handler.str1.1
                0x00000000000101c3      0x12e _build/hardfault_implementation.o
 *fill*         0x00000000000102f1        0x3 
 .rodata.cfsr_msgs.9036
                0x00000000000102f4       0x68 _build/hardfault_implementation.o
 .rodata.str1.1
                0x000000000001035c      0x4c0 _build/hardfault_implementation.o
 *fill*         0x000000000001081c        0x4 
 .rodata.delay_machine_code.8185
                0x0000000000010820        0x6 _build/mmc_nrf.o
 .rodata.nrf_balloc_init.str1.1
                0x0000000000010826       0x5e _build/nrf_balloc.o
 .rodata.str1.1
                0x0000000000010884        0x6 _build/nrf_drv_clock.o
 *fill*         0x000000000001088a        0x2 
 .rodata        0x000000000001088c       0x10 _build/nrf_drv_spi.o
 *fill*         0x000000000001089c        0x4 
 .rodata.delay_machine_code.8185
                0x00000000000108a0        0x6 _build/nrf_drv_twi.o
 .rodata.nrf_gpio_pin_port_decode.isra.0.part.1.str1.1
                0x00000000000108a6       0x51 _build/nrf_drv_twi.o
 .rodata.nrf_fprintf_buffer_flush.str1.1
                0x00000000000108f7       0x54 _build/nrf_fprintf.o
 .rodata._aV2C.7519
                0x000000000001094b       0x10 _build/nrf_fprintf_format.o
 .rodata.nrf_fprintf_fmt.str1.1
                0x000000000001095b       0x5b _build/nrf_fprintf_format.o
 .rodata.str1.1
                0x00000000000109b6        0xd _build/nrf_fstorage.o
 *fill*         0x00000000000109c3        0xd 
 .rodata.delay_machine_code.9117
                0x00000000000109d0        0x6 _build/nrf_log_backend_rtt.o
 *fill*         0x00000000000109d6        0x2 
 .rodata.nrf_log_backend_rtt_api
                0x00000000000109d8        0xc _build/nrf_log_backend_rtt.o
                0x00000000000109d8                nrf_log_backend_rtt_api
 .rodata.nrf_log_default_backends_init.str1.1
                0x00000000000109e4       0x6d _build/nrf_log_default_backends.o
 .rodata.str1.1
                0x0000000000010a51       0x10 _build/nrf_log_default_backends.o
 .rodata.buf_prealloc.str1.1
                0x0000000000010a61       0x65 _build/nrf_log_frontend.o
 *fill*         0x0000000000010ac6        0x2 
 .rodata.m_log_push_ringbuf
                0x0000000000010ac8        0xc _build/nrf_log_frontend.o
 .rodata.nrf_log_frontend_dequeue.str1.1
                0x0000000000010ad4       0x11 _build/nrf_log_frontend.o
 .rodata.str1.1
                0x0000000000010ae5        0x4 _build/nrf_log_frontend.o
 *fill*         0x0000000000010ae9        0x3 
 .rodata.m_colors
                0x0000000000010aec       0x24 _build/nrf_log_str_formatter.o
 .rodata.nrf_log_hexdump_entry_process.str1.1
                0x0000000000010b10        0xb _build/nrf_log_str_formatter.o
                                         0x11 (size before relaxing)
 .rodata.postfix_process.str1.1
                0x0000000000010b1b        0x8 _build/nrf_log_str_formatter.o
                                          0xb (size before relaxing)
 .rodata.prefix_process.str1.1
                0x0000000000010b23       0x2a _build/nrf_log_str_formatter.o
 *fill*         0x0000000000010b4d        0x3 
 .rodata.severity_names
                0x0000000000010b50       0x14 _build/nrf_log_str_formatter.o
 .rodata.str1.1
                0x0000000000010b64       0x4b _build/nrf_log_str_formatter.o
                                         0x51 (size before relaxing)
 .rodata.memobj_op.str1.1
                0x0000000000010baf       0x5e _build/nrf_memobj.o
 .rodata.str1.1
                0x0000000000010c0d        0x9 _build/nrf_pwr_mgmt.o
 .rodata.nrf_queue_next_idx.str1.1
                0x0000000000010c16       0x5c _build/nrf_queue.o
 .rodata.m_unknown_str
                0x0000000000010c72       0x13 _build/nrf_strerror.o
 *fill*         0x0000000000010c85        0x3 
 .rodata.nrf_strerror_array
                0x0000000000010c88      0x118 _build/nrf_strerror.o
 .rodata.str1.1
                0x0000000000010da0      0x391 _build/nrf_strerror.o
 .rodata.transaction_end_signal.str1.1
                0x0000000000011131       0x62 _build/nrf_twi_mngr.o
 .rodata.nrfx_clock_init.str1.1
                0x0000000000011193       0x5b _build/nrfx_clock.o
 .rodata.str1.1
                0x00000000000111ee        0x6 _build/nrfx_clock.o
 .rodata.nrf_gpio_pin_port_decode.isra.0.part.1.str1.1
                0x00000000000111f4       0x51 _build/nrfx_gpiote.o
 .rodata.nrfx_gpiote_out_init.str1.1
                0x00000000000111f4       0x5c _build/nrfx_gpiote.o
 .rodata.str1.1
                0x0000000000011250        0x7 _build/nrfx_gpiote.o
 .rodata.str1.1
                0x0000000000011257        0x4 _build/nrfx_ppi.o
 .rodata.UARTE0_UART0_IRQHandler.str1.1
                0x000000000001125b       0x5d _build/nrfx_prs.o
 .rodata.str1.1
                0x00000000000112b8        0x4 _build/nrfx_prs.o
 .rodata.str1.1
                0x00000000000112bc        0x4 _build/nrfx_pwm.o
 .rodata.str1.1
                0x00000000000112c0        0x6 _build/nrfx_saadc.o
 .rodata.SPIM1_SPIS1_TWIM1_TWIS1_SPI1_TWI1_IRQHandler.str1.1
                0x00000000000112c6       0x5a _build/nrfx_spim.o
 .rodata.nrf_gpio_pin_port_decode.isra.0.part.1.str1.1
                0x0000000000011320       0x51 _build/nrfx_spim.o
 .rodata.nrfx_spim_init.str1.1
                0x0000000000011320       0x52 _build/nrfx_spim.o
 .rodata.str1.1
                0x0000000000011372        0x5 _build/nrfx_spim.o
 .rodata.nrfx_timer_init.str1.1
                0x0000000000011377       0x5b _build/nrfx_timer.o
                                         0xad (size before relaxing)
 .rodata.str1.1
                0x00000000000113d2        0x6 _build/nrfx_timer.o
 .rodata.SPIM0_SPIS0_TWIM0_TWIS0_SPI0_TWI0_IRQHandler.str1.1
                0x00000000000113d8       0x5a _build/nrfx_twim.o
 .rodata.nrfx_twim_init.str1.1
                0x0000000000011432       0xa3 _build/nrfx_twim.o
 .rodata.str1.1
                0x0000000000011432        0x5 _build/nrfx_twim.o
 .rodata.str1.1
                0x0000000000011437        0x5 _build/nrfx_uart.o
 .rodata.str1.1
                0x000000000001143c        0x6 _build/nrfx_uarte.o
 *fill*         0x0000000000011442        0x2 
 .rodata.clock_timer
                0x0000000000011444        0x4 _build/simple_logger.o
 .rodata.logger_init.str1.1
                0x0000000000011448       0x52 _build/simple_logger.o
                                         0x53 (size before relaxing)
 .rodata.simple_logger_init.str1.1
                0x000000000001149a       0x43 _build/simple_logger.o
 *fill*         0x00000000000114dd        0x3 
 .rodata._global_impure_ptr
                0x00000000000114e0        0x4 /usr/bin/../lib/gcc/arm-none-eabi/7.3.1/../../../../arm-none-eabi/lib/thumb/v7e-m/fpv4-sp/hard/libc.a(lib_a-impure.o)
                0x00000000000114e0                _global_impure_ptr
 .rodata._setlocale_r.str1.4
                0x00000000000114e4        0xa /usr/bin/../lib/gcc/arm-none-eabi/7.3.1/../../../../arm-none-eabi/lib/thumb/v7e-m/fpv4-sp/hard/libc.a(lib_a-locale.o)
                                          0xd (size before relaxing)
 *fill*         0x00000000000114ee        0x2 
 .rodata.str1.4
                0x00000000000114f0        0x2 /usr/bin/../lib/gcc/arm-none-eabi/7.3.1/../../../../arm-none-eabi/lib/thumb/v7e-m/fpv4-sp/hard/libc.a(lib_a-locale.o)
 *fill*         0x00000000000114f2        0x2 
 .rodata._svfprintf_r.str1.4
                0x00000000000114f4       0x42 /usr/bin/../lib/gcc/arm-none-eabi/7.3.1/../../../../arm-none-eabi/lib/thumb/v7e-m/fpv4-sp/hard/libc.a(lib_a-svfprintf.o)
 *fill*         0x0000000000011536        0x2 
 .rodata.blanks.8590
                0x0000000000011538       0x10 /usr/bin/../lib/gcc/arm-none-eabi/7.3.1/../../../../arm-none-eabi/lib/thumb/v7e-m/fpv4-sp/hard/libc.a(lib_a-svfprintf.o)
 .rodata.zeroes.8591
                0x0000000000011548       0x10 /usr/bin/../lib/gcc/arm-none-eabi/7.3.1/../../../../arm-none-eabi/lib/thumb/v7e-m/fpv4-sp/hard/libc.a(lib_a-svfprintf.o)
 .rodata._vfprintf_r.str1.4
                0x0000000000011558       0x42 /usr/bin/../lib/gcc/arm-none-eabi/7.3.1/../../../../arm-none-eabi/lib/thumb/v7e-m/fpv4-sp/hard/libc.a(lib_a-vfprintf.o)
 .rodata.blanks.8605
                0x0000000000011558       0x10 /usr/bin/../lib/gcc/arm-none-eabi/7.3.1/../../../../arm-none-eabi/lib/thumb/v7e-m/fpv4-sp/hard/libc.a(lib_a-vfprintf.o)
 .rodata.zeroes.8606
                0x0000000000011568       0x10 /usr/bin/../lib/gcc/arm-none-eabi/7.3.1/../../../../arm-none-eabi/lib/thumb/v7e-m/fpv4-sp/hard/libc.a(lib_a-vfprintf.o)
 .rodata._ctype_
                0x0000000000011578      0x101 /usr/bin/../lib/gcc/arm-none-eabi/7.3.1/../../../../arm-none-eabi/lib/thumb/v7e-m/fpv4-sp/hard/libc.a(lib_a-ctype_.o)
                0x0000000000011578                _ctype_
 *fill*         0x0000000000011679        0x3 
 .rodata._dtoa_r.str1.4
                0x000000000001167c       0x10 /usr/bin/../lib/gcc/arm-none-eabi/7.3.1/../../../../arm-none-eabi/lib/thumb/v7e-m/fpv4-sp/hard/libc.a(lib_a-dtoa.o)
                                         0x12 (size before relaxing)
 *fill*         0x000000000001168c        0x4 
 .rodata.__mprec_bigtens
                0x0000000000011690       0x28 /usr/bin/../lib/gcc/arm-none-eabi/7.3.1/../../../../arm-none-eabi/lib/thumb/v7e-m/fpv4-sp/hard/libc.a(lib_a-mprec.o)
                0x0000000000011690                __mprec_bigtens
 .rodata.__mprec_tens
                0x00000000000116b8       0xc8 /usr/bin/../lib/gcc/arm-none-eabi/7.3.1/../../../../arm-none-eabi/lib/thumb/v7e-m/fpv4-sp/hard/libc.a(lib_a-mprec.o)
                0x00000000000116b8                __mprec_tens
 .rodata.p05.7367
                0x0000000000011780        0xc /usr/bin/../lib/gcc/arm-none-eabi/7.3.1/../../../../arm-none-eabi/lib/thumb/v7e-m/fpv4-sp/hard/libc.a(lib_a-mprec.o)
 *(.eh_frame*)
 .eh_frame      0x000000000001178c        0x0 /usr/bin/../lib/gcc/arm-none-eabi/7.3.1/thumb/v7e-m/fpv4-sp/hard/crtbegin.o
 .eh_frame      0x000000000001178c        0x4 /usr/bin/../lib/gcc/arm-none-eabi/7.3.1/thumb/v7e-m/fpv4-sp/hard/crtend.o

.glue_7         0x0000000000011790        0x0
 .glue_7        0x0000000000011790        0x0 linker stubs

.glue_7t        0x0000000000011790        0x0
 .glue_7t       0x0000000000011790        0x0 linker stubs

.vfp11_veneer   0x0000000000011790        0x0
 .vfp11_veneer  0x0000000000011790        0x0 linker stubs

.v4_bx          0x0000000000011790        0x0
 .v4_bx         0x0000000000011790        0x0 linker stubs

.iplt           0x0000000000011790        0x0
 .iplt          0x0000000000011790        0x0 /usr/bin/../lib/gcc/arm-none-eabi/7.3.1/thumb/v7e-m/fpv4-sp/hard/crtbegin.o

.mem_section_dummy_rom

.log_const_data
                0x0000000000011790       0x80
                0x0000000000011790                PROVIDE (__start_log_const_data = .)
 *(SORT_BY_NAME(.log_const_data*))
 .log_const_data_CLOCK
                0x0000000000011790        0x8 _build/nrfx_clock.o
                0x0000000000011790                m_nrf_log_CLOCK_logs_data_const
 .log_const_data_GPIOTE
                0x0000000000011798        0x8 _build/nrfx_gpiote.o
                0x0000000000011798                m_nrf_log_GPIOTE_logs_data_const
 .log_const_data_PPI
                0x00000000000117a0        0x8 _build/nrfx_ppi.o
                0x00000000000117a0                m_nrf_log_PPI_logs_data_const
 .log_const_data_PRS
                0x00000000000117a8        0x8 _build/nrfx_prs.o
                0x00000000000117a8                m_nrf_log_PRS_logs_data_const
 .log_const_data_PWM
                0x00000000000117b0        0x8 _build/nrfx_pwm.o
                0x00000000000117b0                m_nrf_log_PWM_logs_data_const
 .log_const_data_SAADC
                0x00000000000117b8        0x8 _build/nrfx_saadc.o
                0x00000000000117b8                m_nrf_log_SAADC_logs_data_const
 .log_const_data_SPIM
                0x00000000000117c0        0x8 _build/nrfx_spim.o
                0x00000000000117c0                m_nrf_log_SPIM_logs_data_const
 .log_const_data_TIMER
                0x00000000000117c8        0x8 _build/nrfx_timer.o
                0x00000000000117c8                m_nrf_log_TIMER_logs_data_const
 .log_const_data_TWIM
                0x00000000000117d0        0x8 _build/nrfx_twim.o
                0x00000000000117d0                m_nrf_log_TWIM_logs_data_const
 .log_const_data_UART
                0x00000000000117d8        0x8 _build/nrfx_uart.o
                0x00000000000117d8                m_nrf_log_UART_logs_data_const
 .log_const_data_UARTE
                0x00000000000117e0        0x8 _build/nrfx_uarte.o
                0x00000000000117e0                m_nrf_log_UARTE_logs_data_const
 .log_const_data_app
                0x00000000000117e8        0x8 _build/nrf_log_frontend.o
                0x00000000000117e8                m_nrf_log_app_logs_data_const
 .log_const_data_clock
                0x00000000000117f0        0x8 _build/nrf_drv_clock.o
                0x00000000000117f0                m_nrf_log_clock_logs_data_const
 .log_const_data_hardfault
                0x00000000000117f8        0x8 _build/hardfault_implementation.o
                0x00000000000117f8                m_nrf_log_hardfault_logs_data_const
 .log_const_data_nrf_fstorage
                0x0000000000011800        0x8 _build/nrf_fstorage.o
                0x0000000000011800                m_nrf_log_nrf_fstorage_logs_data_const
 .log_const_data_pwr_mgmt
                0x0000000000011808        0x8 _build/nrf_pwr_mgmt.o
                0x0000000000011808                m_nrf_log_pwr_mgmt_logs_data_const
                0x0000000000011810                PROVIDE (__stop_log_const_data = .)

.nrf_balloc     0x0000000000011810       0x14
                [!provide]                        PROVIDE (__start_nrf_balloc = .)
 *(.nrf_balloc)
 .nrf_balloc    0x0000000000011810       0x14 _build/nrf_log_frontend.o
                0x0000000000011810                log_mempool
                [!provide]                        PROVIDE (__stop_nrf_balloc = .)

.nrf_queue      0x0000000000011824       0x3c
                [!provide]                        PROVIDE (__start_nrf_queue = .)
 *(.nrf_queue)
 .nrf_queue     0x0000000000011824       0x14 _build/main.o
                0x0000000000011824                twi_mngr_instance_queue
 .nrf_queue     0x0000000000011838       0x28 _build/kobukiUtilities.o
                0x0000000000011838                serial_queues_txq
                0x000000000001184c                serial_queues_rxq
                [!provide]                        PROVIDE (__stop_nrf_queue = .)

.log_backends   0x0000000000011860       0x10
 .log_backends  0x0000000000011860       0x10 _build/nrf_log_default_backends.o

.pwr_mgmt_data  0x0000000000011870        0x0
                0x0000000000011870                PROVIDE (__start_pwr_mgmt_data = .)
 *(SORT_BY_NAME(.pwr_mgmt_data*))
                0x0000000000011870                PROVIDE (__stop_pwr_mgmt_data = .)

.crypto_data    0x0000000000011870        0x0
                [!provide]                        PROVIDE (__start_crypto_data = .)
 *(SORT_BY_NAME(.crypto_data*))
                [!provide]                        PROVIDE (__stop_crypto_data = .)

.cli_command    0x0000000000011870        0x0
                [!provide]                        PROVIDE (__start_cli_command = .)
 *(.cli_command)
                [!provide]                        PROVIDE (__stop_cli_command = .)

.ARM.extab
 *(.ARM.extab* .gnu.linkonce.armextab.*)
                0x0000000000011870                __exidx_start = .

.ARM.exidx      0x0000000000011870        0x8
 *(.ARM.exidx* .gnu.linkonce.armexidx.*)
 .ARM.exidx     0x0000000000011870        0x8 /usr/bin/../lib/gcc/arm-none-eabi/7.3.1/../../../../arm-none-eabi/lib/thumb/v7e-m/fpv4-sp/hard/crt0.o
 .ARM.exidx     0x0000000000011878        0x0 /usr/bin/../lib/gcc/arm-none-eabi/7.3.1/thumb/v7e-m/fpv4-sp/hard/libgcc.a(_udivmoddi4.o)
                                          0x8 (size before relaxing)
                0x0000000000011878                __exidx_end = .
                0x0000000000011878                __etext = .

.rel.dyn        0x0000000000011878        0x0
 .rel.iplt      0x0000000000011878        0x0 /usr/bin/../lib/gcc/arm-none-eabi/7.3.1/thumb/v7e-m/fpv4-sp/hard/crtbegin.o

.data           0x0000000020000000      0x9d8 load address 0x0000000000011878
                0x0000000020000000                __data_start__ = .
 *(vtable)
 *(.data*)
 .data.xFreeBytesRemaining
                0x0000000020000000        0x4 _build/heap_2.o
 .data.uxTopUsedPriority
                0x0000000020000004        0x4 _build/tasks.o
                0x0000000020000004                uxTopUsedPriority
 .data.calib    0x0000000020000008        0x1 _build/lsm9ds1.o
 .data.Stat     0x0000000020000009        0x1 _build/mmc_nrf.o
 *fill*         0x000000002000000a        0x2 
 .data.log_backend_cb_rtt_log_backend
                0x000000002000000c        0x8 _build/nrf_log_default_backends.o
 .data.SystemCoreClock
                0x0000000020000014        0x4 _build/system_nrf52.o
                0x0000000020000014                SystemCoreClock
 .data._impure_ptr
                0x0000000020000018        0x4 /usr/bin/../lib/gcc/arm-none-eabi/7.3.1/../../../../arm-none-eabi/lib/thumb/v7e-m/fpv4-sp/hard/libc.a(lib_a-impure.o)
                0x0000000020000018                _impure_ptr
 *fill*         0x000000002000001c        0x4 
 .data.impure_data
                0x0000000020000020      0x428 /usr/bin/../lib/gcc/arm-none-eabi/7.3.1/../../../../arm-none-eabi/lib/thumb/v7e-m/fpv4-sp/hard/libc.a(lib_a-impure.o)
 .data.__global_locale
                0x0000000020000448      0x16c /usr/bin/../lib/gcc/arm-none-eabi/7.3.1/../../../../arm-none-eabi/lib/thumb/v7e-m/fpv4-sp/hard/libc.a(lib_a-locale.o)
                0x0000000020000448                __global_locale
 .data.__atexit_recursive_mutex
                0x00000000200005b4        0x4 /usr/bin/../lib/gcc/arm-none-eabi/7.3.1/../../../../arm-none-eabi/lib/thumb/v7e-m/fpv4-sp/hard/libc.a(lib_a-__call_atexit.o)
                0x00000000200005b4                __atexit_recursive_mutex
 .data.__malloc_av_
                0x00000000200005b8      0x408 /usr/bin/../lib/gcc/arm-none-eabi/7.3.1/../../../../arm-none-eabi/lib/thumb/v7e-m/fpv4-sp/hard/libc.a(lib_a-mallocr.o)
                0x00000000200005b8                __malloc_av_
 .data.__malloc_sbrk_base
                0x00000000200009c0        0x4 /usr/bin/../lib/gcc/arm-none-eabi/7.3.1/../../../../arm-none-eabi/lib/thumb/v7e-m/fpv4-sp/hard/libc.a(lib_a-mallocr.o)
                0x00000000200009c0                __malloc_sbrk_base
 .data.__malloc_trim_threshold
                0x00000000200009c4        0x4 /usr/bin/../lib/gcc/arm-none-eabi/7.3.1/../../../../arm-none-eabi/lib/thumb/v7e-m/fpv4-sp/hard/libc.a(lib_a-mallocr.o)
                0x00000000200009c4                __malloc_trim_threshold
                0x00000000200009c8                . = ALIGN (0x4)
                0x00000000200009c8                PROVIDE (__preinit_array_start = .)
 *(.preinit_array)
                0x00000000200009c8                PROVIDE (__preinit_array_end = .)
                0x00000000200009c8                . = ALIGN (0x4)
                0x00000000200009c8                PROVIDE (__init_array_start = .)
 *(SORT_BY_NAME(.init_array.*))
 .init_array.00000
                0x00000000200009c8        0x4 /usr/bin/../lib/gcc/arm-none-eabi/7.3.1/../../../../arm-none-eabi/lib/thumb/v7e-m/fpv4-sp/hard/libc.a(lib_a-__call_atexit.o)
 *(.init_array)
 .init_array    0x00000000200009cc        0x4 /usr/bin/../lib/gcc/arm-none-eabi/7.3.1/thumb/v7e-m/fpv4-sp/hard/crtbegin.o
 .init_array    0x00000000200009d0        0x4 _build/before_startup.o
                0x00000000200009d4                PROVIDE (__init_array_end = .)
                0x00000000200009d4                . = ALIGN (0x4)
                0x00000000200009d4                PROVIDE (__fini_array_start = .)
 *(SORT_BY_NAME(.fini_array.*))
 *(.fini_array)
 .fini_array    0x00000000200009d4        0x4 /usr/bin/../lib/gcc/arm-none-eabi/7.3.1/thumb/v7e-m/fpv4-sp/hard/crtbegin.o
                0x00000000200009d8                PROVIDE (__fini_array_end = .)
 *(.jcr*)
                0x00000000200009d8                . = ALIGN (0x4)
                0x00000000200009d8                __data_end__ = .
LOAD /usr/bin/../lib/gcc/arm-none-eabi/7.3.1/thumb/v7e-m/fpv4-sp/hard/crti.o
LOAD /usr/bin/../lib/gcc/arm-none-eabi/7.3.1/thumb/v7e-m/fpv4-sp/hard/crtbegin.o
LOAD /usr/bin/../lib/gcc/arm-none-eabi/7.3.1/../../../../arm-none-eabi/lib/thumb/v7e-m/fpv4-sp/hard/crt0.o
START GROUP
LOAD _build/heap_2.o
LOAD _build/support.o
LOAD _build/main.o
LOAD _build/port_cmsis.o
LOAD _build/queue.o
LOAD _build/list.o
LOAD _build/gpio.o
LOAD _build/port.o
LOAD _build/stream_buffer.o
LOAD _build/event_groups.o
LOAD _build/timestamp.o
LOAD _build/timers.o
LOAD _build/tasks.o
LOAD _build/port_cmsis_systick.o
LOAD _build/display.o
LOAD _build/mpu9250.o
LOAD _build/kobukiUART.o
LOAD _build/kobukiSensor.o
LOAD _build/kobukiUtilities.o
LOAD _build/kobukiSensorPoll.o
LOAD _build/kobukiActuator.o
LOAD _build/better_error_handling.o
LOAD _build/max44009.o
LOAD _build/lsm9ds1.o
LOAD _build/opt3004.o
LOAD _build/SEGGER_RTT.o
LOAD _build/SEGGER_RTT_Syscalls_GCC.o
LOAD _build/SEGGER_RTT_printf.o
LOAD _build/app_error.o
LOAD _build/app_error_handler_gcc.o
LOAD _build/app_timer.o
LOAD _build/app_pwm.o
LOAD _build/app_uart.o
LOAD _build/app_scheduler.o
LOAD _build/app_util_platform.o
LOAD _build/before_startup.o
LOAD _build/ff.o
LOAD _build/hardfault_handler_gcc.o
LOAD _build/hardfault_implementation.o
LOAD _build/mmc_nrf.o
LOAD _build/nrf_assert.o
LOAD _build/nrf_atomic.o
LOAD _build/nrf_balloc.o
LOAD _build/nrf_drv_clock.o
LOAD _build/nrf_drv_ppi.o
LOAD _build/nrf_drv_spi.o
LOAD _build/nrf_drv_twi.o
LOAD _build/nrf_drv_uart.o
LOAD _build/nrf_fprintf.o
LOAD _build/nrf_fprintf_format.o
LOAD _build/nrf_fstorage.o
LOAD _build/nrf_log_backend_rtt.o
LOAD _build/nrf_log_backend_serial.o
LOAD _build/nrf_log_backend_uart.o
LOAD _build/nrf_log_default_backends.o
LOAD _build/nrf_log_frontend.o
LOAD _build/nrf_log_str_formatter.o
LOAD _build/nrf_memobj.o
LOAD _build/nrf_pwr_mgmt.o
LOAD _build/nrf_ringbuf.o
LOAD _build/nrf_queue.o
LOAD _build/nrf_section_iter.o
LOAD _build/nrf_serial.o
LOAD _build/nrf_strerror.o
LOAD _build/nrf_twi_mngr.o
LOAD _build/nrfx_clock.o
LOAD _build/nrfx_gpiote.o
LOAD _build/nrfx_ppi.o
LOAD _build/nrfx_prs.o
LOAD _build/nrfx_pwm.o
LOAD _build/nrfx_saadc.o
LOAD _build/nrfx_spi.o
LOAD _build/nrfx_spim.o
LOAD _build/nrfx_timer.o
LOAD _build/nrfx_twi.o
LOAD _build/nrfx_twim.o
LOAD _build/nrfx_uart.o
LOAD _build/nrfx_uarte.o
LOAD _build/simple_logger.o
LOAD _build/system_nrf52.o
LOAD _build/app_error_weak.o
LOAD _build/gcc_startup_nrf52.os
LOAD /usr/bin/../lib/gcc/arm-none-eabi/7.3.1/../../../../arm-none-eabi/lib/thumb/v7e-m/fpv4-sp/hard/libc.a
LOAD /usr/bin/../lib/gcc/arm-none-eabi/7.3.1/../../../../arm-none-eabi/lib/thumb/v7e-m/fpv4-sp/hard/libnosys.a
LOAD /usr/bin/../lib/gcc/arm-none-eabi/7.3.1/../../../../arm-none-eabi/lib/thumb/v7e-m/fpv4-sp/hard/libm.a
LOAD /usr/bin/../lib/gcc/arm-none-eabi/7.3.1/../../../../arm-none-eabi/lib/thumb/v7e-m/fpv4-sp/hard/libstdc++.a
END GROUP
START GROUP
LOAD /usr/bin/../lib/gcc/arm-none-eabi/7.3.1/thumb/v7e-m/fpv4-sp/hard/libgcc.a
LOAD /usr/bin/../lib/gcc/arm-none-eabi/7.3.1/../../../../arm-none-eabi/lib/thumb/v7e-m/fpv4-sp/hard/libc.a
END GROUP
LOAD /usr/bin/../lib/gcc/arm-none-eabi/7.3.1/thumb/v7e-m/fpv4-sp/hard/crtend.o
LOAD /usr/bin/../lib/gcc/arm-none-eabi/7.3.1/thumb/v7e-m/fpv4-sp/hard/crtn.o
START GROUP
LOAD /usr/bin/../lib/gcc/arm-none-eabi/7.3.1/thumb/v7e-m/fpv4-sp/hard/libgcc.a
LOAD /usr/bin/../lib/gcc/arm-none-eabi/7.3.1/../../../../arm-none-eabi/lib/thumb/v7e-m/fpv4-sp/hard/libc.a
LOAD /usr/bin/../lib/gcc/arm-none-eabi/7.3.1/../../../../arm-none-eabi/lib/thumb/v7e-m/fpv4-sp/hard/libnosys.a
END GROUP

.igot.plt       0x00000000200009d8        0x0 load address 0x0000000000012250